0 verbose cli C:\Program Files\nodejs\node.exe C:\Program Files\nodejs\node_modules\npm\bin\npm-cli.js
1 info using npm@11.12.1
2 info using node@v24.15.0
3 silly config load:file:C:\Program Files\nodejs\node_modules\npm\npmrc
4 silly config load:file:C:\Users\ITC-PROBOOK_2\Desktop\Application-gestion-materiels\.npmrc
5 silly config load:file:C:\Users\ITC-PROBOOK_2\.npmrc
6 silly config load:file:C:\Users\ITC-PROBOOK_2\AppData\Roaming\npm\etc\npmrc
7 verbose title npm ci
8 verbose argv "ci" "--cache" ".npm-cache" "--no-audit" "--no-fund"
9 verbose logfile logs-max:10 dir:C:\Users\ITC-PROBOOK_2\Desktop\Application-gestion-materiels\.npm-cache\_logs\2026-08-28T11_19_02_655Z-
10 verbose logfile C:\Users\ITC-PROBOOK_2\Desktop\Application-gestion-materiels\.npm-cache\_logs\2026-08-28T11_19_02_655Z-debug-0.log
11 silly logfile done cleaning log files
12 silly packumentCache heap:4496293888 maxSize:1124073472 maxEntrySize:562036736
13 silly packumentCache heap:4496293888 maxSize:1124073472 maxEntrySize:562036736
14 silly idealTree buildDeps
15 silly reify moves {}
16 http cache yocto-queue@https://registry.npmjs.org/yocto-queue/-/yocto-queue-0.1.0.tgz 1ms (cache hit)
17 http cache yallist@https://registry.npmjs.org/yallist/-/yallist-4.0.0.tgz 0ms (cache hit)
18 http cache yargs-parser@https://registry.npmjs.org/yargs-parser/-/yargs-parser-21.1.1.tgz 0ms (cache hit)
19 http cache y18n@https://registry.npmjs.org/y18n/-/y18n-5.0.8.tgz 1ms (cache hit)
20 http cache yargs@https://registry.npmjs.org/yargs/-/yargs-17.7.2.tgz 0ms (cache hit)
21 http cache wrap-ansi@https://registry.npmjs.org/wrap-ansi/-/wrap-ansi-7.0.0.tgz 0ms (cache hit)
22 http cache wrappy@https://registry.npmjs.org/wrappy/-/wrappy-1.0.2.tgz 0ms (cache hit)
23 http cache xmlcreate@https://registry.npmjs.org/xmlcreate/-/xmlcreate-2.0.4.tgz 0ms (cache hit)
24 http cache whatwg-url@https://registry.npmjs.org/whatwg-url/-/whatwg-url-5.0.0.tgz 0ms (cache hit)
25 http cache word-wrap@https://registry.npmjs.org/word-wrap/-/word-wrap-1.2.5.tgz 0ms (cache hit)
26 http cache webidl-conversions@https://registry.npmjs.org/webidl-conversions/-/webidl-conversions-3.0.1.tgz 0ms (cache hit)
27 http cache websocket-extensions@https://registry.npmjs.org/websocket-extensions/-/websocket-extensions-0.1.4.tgz 0ms (cache hit)
28 http cache websocket-driver@https://registry.npmjs.org/websocket-driver/-/websocket-driver-0.7.4.tgz 0ms (cache hit)
29 http cache util-deprecate@https://registry.npmjs.org/util-deprecate/-/util-deprecate-1.0.2.tgz 0ms (cache hit)
30 http cache uuid@https://registry.npmjs.org/uuid/-/uuid-9.0.1.tgz 0ms (cache hit)
31 http cache uc.micro@https://registry.npmjs.org/uc.micro/-/uc.micro-2.1.0.tgz 0ms (cache hit)
32 http cache type-check@https://registry.npmjs.org/type-check/-/type-check-0.3.2.tgz 0ms (cache hit)
33 http cache tslib@https://registry.npmjs.org/tslib/-/tslib-2.8.1.tgz 0ms (cache hit)
34 http cache undici-types@https://registry.npmjs.org/undici-types/-/undici-types-7.18.2.tgz 0ms (cache hit)
35 http cache underscore@https://registry.npmjs.org/underscore/-/underscore-1.13.8.tgz 0ms (cache hit)
36 http cache text-decoding@https://registry.npmjs.org/text-decoding/-/text-decoding-1.0.0.tgz 0ms (cache hit)
37 http cache teeny-request@https://registry.npmjs.org/teeny-request/-/teeny-request-8.0.3.tgz 0ms (cache hit)
38 http cache supports-color@https://registry.npmjs.org/supports-color/-/supports-color-7.2.0.tgz 0ms (cache hit)
39 http cache tr46@https://registry.npmjs.org/tr46/-/tr46-0.0.3.tgz 0ms (cache hit)
40 http cache stubs@https://registry.npmjs.org/stubs/-/stubs-3.0.0.tgz 0ms (cache hit)
41 http cache tmp@https://registry.npmjs.org/tmp/-/tmp-0.2.5.tgz 0ms (cache hit)
42 http cache uglify-js@https://registry.npmjs.org/uglify-js/-/uglify-js-3.19.3.tgz 0ms (cache hit)
43 http cache strnum@https://registry.npmjs.org/strnum/-/strnum-1.1.2.tgz 0ms (cache hit)
44 http cache strip-json-comments@https://registry.npmjs.org/strip-json-comments/-/strip-json-comments-3.1.1.tgz 0ms (cache hit)
45 http cache string_decoder@https://registry.npmjs.org/string_decoder/-/string_decoder-1.3.0.tgz 0ms (cache hit)
46 http cache strip-ansi@https://registry.npmjs.org/strip-ansi/-/strip-ansi-6.0.1.tgz 0ms (cache hit)
47 http cache stream-shift@https://registry.npmjs.org/stream-shift/-/stream-shift-1.0.3.tgz 0ms (cache hit)
48 http cache stream-events@https://registry.npmjs.org/stream-events/-/stream-events-1.0.5.tgz 0ms (cache hit)
49 http cache string-width@https://registry.npmjs.org/string-width/-/string-width-4.2.3.tgz 0ms (cache hit)
50 http cache semver@https://registry.npmjs.org/semver/-/semver-7.7.4.tgz 0ms (cache hit)
51 http cache source-map@https://registry.npmjs.org/source-map/-/source-map-0.6.1.tgz 0ms (cache hit)
52 http cache safe-regex-test@https://registry.npmjs.org/safe-regex-test/-/safe-regex-test-1.1.0.tgz 0ms (cache hit)
53 http cache retry-request@https://registry.npmjs.org/retry-request/-/retry-request-5.0.2.tgz 0ms (cache hit)
54 http cache safe-buffer@https://registry.npmjs.org/safe-buffer/-/safe-buffer-5.2.1.tgz 0ms (cache hit)
55 http cache readable-stream@https://registry.npmjs.org/readable-stream/-/readable-stream-3.6.2.tgz 0ms (cache hit)
56 http cache retry@https://registry.npmjs.org/retry/-/retry-0.13.1.tgz 0ms (cache hit)
57 http cache require-directory@https://registry.npmjs.org/require-directory/-/require-directory-2.1.1.tgz 0ms (cache hit)
58 http cache punycode@https://registry.npmjs.org/punycode/-/punycode-1.4.1.tgz 0ms (cache hit)
59 http cache requizzle@https://registry.npmjs.org/requizzle/-/requizzle-0.2.4.tgz 0ms (cache hit)
60 http cache protobufjs-cli@https://registry.npmjs.org/protobufjs-cli/-/protobufjs-cli-1.1.1.tgz 0ms (cache hit)
61 http cache punycode.js@https://registry.npmjs.org/punycode.js/-/punycode.js-2.3.1.tgz 0ms (cache hit)
62 http cache proto3-json-serializer@https://registry.npmjs.org/proto3-json-serializer/-/proto3-json-serializer-1.1.1.tgz 0ms (cache hit)
63 http cache protobufjs@https://registry.npmjs.org/protobufjs/-/protobufjs-7.5.4.tgz 0ms (cache hit)
64 http cache prelude-ls@https://registry.npmjs.org/prelude-ls/-/prelude-ls-1.1.2.tgz 0ms (cache hit)
65 http cache p-limit@https://registry.npmjs.org/p-limit/-/p-limit-3.1.0.tgz 0ms (cache hit)
66 http cache optionator@https://registry.npmjs.org/optionator/-/optionator-0.8.3.tgz 0ms (cache hit)
67 http cache object-hash@https://registry.npmjs.org/object-hash/-/object-hash-3.0.0.tgz 0ms (cache hit)
68 http cache node-forge@https://registry.npmjs.org/node-forge/-/node-forge-1.3.1.tgz 0ms (cache hit)
69 http cache once@https://registry.npmjs.org/once/-/once-1.4.0.tgz 0ms (cache hit)
70 http cache node-fetch@https://registry.npmjs.org/node-fetch/-/node-fetch-2.7.0.tgz 0ms (cache hit)
71 http cache ms@https://registry.npmjs.org/ms/-/ms-2.1.3.tgz 0ms (cache hit)
72 http cache mkdirp@https://registry.npmjs.org/mkdirp/-/mkdirp-1.0.4.tgz 0ms (cache hit)
73 http cache minimatch@https://registry.npmjs.org/minimatch/-/minimatch-5.1.9.tgz 0ms (cache hit)
74 http cache minimist@https://registry.npmjs.org/minimist/-/minimist-1.2.8.tgz 0ms (cache hit)
75 http cache mime-types@https://registry.npmjs.org/mime-types/-/mime-types-2.1.35.tgz 0ms (cache hit)
76 http cache mime-db@https://registry.npmjs.org/mime-db/-/mime-db-1.54.0.tgz 0ms (cache hit)
77 http cache mdurl@https://registry.npmjs.org/mdurl/-/mdurl-2.0.0.tgz 0ms (cache hit)
78 http cache mime@https://registry.npmjs.org/mime/-/mime-3.0.0.tgz 0ms (cache hit)
79 http cache math-intrinsics@https://registry.npmjs.org/math-intrinsics/-/math-intrinsics-1.1.0.tgz 0ms (cache hit)
80 http cache markdown-it@https://registry.npmjs.org/markdown-it/-/markdown-it-14.1.1.tgz 0ms (cache hit)
81 http cache markdown-it-anchor@https://registry.npmjs.org/markdown-it-anchor/-/markdown-it-anchor-8.6.7.tgz 0ms (cache hit)
82 http cache marked@https://registry.npmjs.org/marked/-/marked-4.3.0.tgz 0ms (cache hit)
83 http cache lru-cache@https://registry.npmjs.org/lru-cache/-/lru-cache-6.0.0.tgz 0ms (cache hit)
84 http cache lru-memoizer@https://registry.npmjs.org/lru-memoizer/-/lru-memoizer-2.3.0.tgz 0ms (cache hit)
85 http cache lodash.once@https://registry.npmjs.org/lodash.once/-/lodash.once-4.1.1.tgz 0ms (cache hit)
86 http cache lodash.isplainobject@https://registry.npmjs.org/lodash.isplainobject/-/lodash.isplainobject-4.0.6.tgz 0ms (cache hit)
87 http cache lodash.isstring@https://registry.npmjs.org/lodash.isstring/-/lodash.isstring-4.0.1.tgz 0ms (cache hit)
88 http cache lodash.isinteger@https://registry.npmjs.org/lodash.isinteger/-/lodash.isinteger-4.0.4.tgz 0ms (cache hit)
89 http cache lodash.isnumber@https://registry.npmjs.org/lodash.isnumber/-/lodash.isnumber-3.0.3.tgz 0ms (cache hit)
90 http cache lodash.isboolean@https://registry.npmjs.org/lodash.isboolean/-/lodash.isboolean-3.0.3.tgz 0ms (cache hit)
91 http cache long@https://registry.npmjs.org/long/-/long-5.3.2.tgz 0ms (cache hit)
92 http cache lodash.includes@https://registry.npmjs.org/lodash.includes/-/lodash.includes-4.3.0.tgz 0ms (cache hit)
93 http cache limiter@https://registry.npmjs.org/limiter/-/limiter-1.1.5.tgz 0ms (cache hit)
94 http cache lodash.clonedeep@https://registry.npmjs.org/lodash.clonedeep/-/lodash.clonedeep-4.5.0.tgz 0ms (cache hit)
95 http cache lodash.camelcase@https://registry.npmjs.org/lodash.camelcase/-/lodash.camelcase-4.3.0.tgz 0ms (cache hit)
96 http cache linkify-it@https://registry.npmjs.org/linkify-it/-/linkify-it-5.0.0.tgz 0ms (cache hit)
97 http cache lodash@https://registry.npmjs.org/lodash/-/lodash-4.17.23.tgz 0ms (cache hit)
98 http cache levn@https://registry.npmjs.org/levn/-/levn-0.3.0.tgz 0ms (cache hit)
99 http cache klaw@https://registry.npmjs.org/klaw/-/klaw-3.0.0.tgz 0ms (cache hit)
100 http cache jws@https://registry.npmjs.org/jws/-/jws-4.0.1.tgz 0ms (cache hit)
101 http cache json-bigint@https://registry.npmjs.org/json-bigint/-/json-bigint-1.0.0.tgz 0ms (cache hit)
102 http cache jwks-rsa@https://registry.npmjs.org/jwks-rsa/-/jwks-rsa-3.2.2.tgz 0ms (cache hit)
103 http cache jsdoc@https://registry.npmjs.org/jsdoc/-/jsdoc-4.0.5.tgz 0ms (cache hit)
104 http cache jwa@https://registry.npmjs.org/jwa/-/jwa-2.0.1.tgz 0ms (cache hit)
105 http cache jose@https://registry.npmjs.org/jose/-/jose-4.15.9.tgz 0ms (cache hit)
106 http cache jsonwebtoken@https://registry.npmjs.org/jsonwebtoken/-/jsonwebtoken-9.0.3.tgz 0ms (cache hit)
107 http cache js2xmlparser@https://registry.npmjs.org/js2xmlparser/-/js2xmlparser-4.0.2.tgz 0ms (cache hit)
108 http cache is-stream@https://registry.npmjs.org/is-stream/-/is-stream-2.0.1.tgz 0ms (cache hit)
109 http cache is-stream-ended@https://registry.npmjs.org/is-stream-ended/-/is-stream-ended-0.1.4.tgz 0ms (cache hit)
110 http cache inherits@https://registry.npmjs.org/inherits/-/inherits-2.0.4.tgz 0ms (cache hit)
111 http cache is-fullwidth-code-point@https://registry.npmjs.org/is-fullwidth-code-point/-/is-fullwidth-code-point-3.0.0.tgz 0ms (cache hit)
112 http cache https-proxy-agent@https://registry.npmjs.org/https-proxy-agent/-/https-proxy-agent-5.0.1.tgz 0ms (cache hit)
113 http cache is-regex@https://registry.npmjs.org/is-regex/-/is-regex-1.2.1.tgz 0ms (cache hit)
114 http cache inflight@https://registry.npmjs.org/inflight/-/inflight-1.0.6.tgz 0ms (cache hit)
115 http cache has-tostringtag@https://registry.npmjs.org/has-tostringtag/-/has-tostringtag-1.0.2.tgz 0ms (cache hit)
116 http cache http-proxy-agent@https://registry.npmjs.org/http-proxy-agent/-/http-proxy-agent-5.0.0.tgz 0ms (cache hit)
117 http cache http-parser-js@https://registry.npmjs.org/http-parser-js/-/http-parser-js-0.5.10.tgz 0ms (cache hit)
118 http cache hasown@https://registry.npmjs.org/hasown/-/hasown-2.0.2.tgz 0ms (cache hit)
119 http cache has-symbols@https://registry.npmjs.org/has-symbols/-/has-symbols-1.1.0.tgz 0ms (cache hit)
120 http cache gopd@https://registry.npmjs.org/gopd/-/gopd-1.2.0.tgz 0ms (cache hit)
121 http cache has-flag@https://registry.npmjs.org/has-flag/-/has-flag-4.0.0.tgz 0ms (cache hit)
122 http cache gtoken@https://registry.npmjs.org/gtoken/-/gtoken-6.1.2.tgz 0ms (cache hit)
123 http cache graceful-fs@https://registry.npmjs.org/graceful-fs/-/graceful-fs-4.2.11.tgz 0ms (cache hit)
124 http cache google-p12-pem@https://registry.npmjs.org/google-p12-pem/-/google-p12-pem-4.0.1.tgz 0ms (cache hit)
125 http cache get-proto@https://registry.npmjs.org/get-proto/-/get-proto-1.0.1.tgz 0ms (cache hit)
126 http cache google-gax@https://registry.npmjs.org/google-gax/-/google-gax-3.6.1.tgz 0ms (cache hit)
127 http cache google-auth-library@https://registry.npmjs.org/google-auth-library/-/google-auth-library-8.9.0.tgz 0ms (cache hit)
128 http cache glob@https://registry.npmjs.org/glob/-/glob-8.1.0.tgz 0ms (cache hit)
129 http cache get-intrinsic@https://registry.npmjs.org/get-intrinsic/-/get-intrinsic-1.3.0.tgz 0ms (cache hit)
130 http cache functional-red-black-tree@https://registry.npmjs.org/functional-red-black-tree/-/functional-red-black-tree-1.0.1.tgz 0ms (cache hit)
131 http cache get-caller-file@https://registry.npmjs.org/get-caller-file/-/get-caller-file-2.0.5.tgz 0ms (cache hit)
132 http cache gcp-metadata@https://registry.npmjs.org/gcp-metadata/-/gcp-metadata-5.3.0.tgz 0ms (cache hit)
133 http cache gaxios@https://registry.npmjs.org/gaxios/-/gaxios-5.1.3.tgz 0ms (cache hit)
134 http cache function-bind@https://registry.npmjs.org/function-bind/-/function-bind-1.1.2.tgz 0ms (cache hit)
135 http cache fast-xml-parser@https://registry.npmjs.org/fast-xml-parser/-/fast-xml-parser-4.5.4.tgz 0ms (cache hit)
136 http cache firebase-admin@https://registry.npmjs.org/firebase-admin/-/firebase-admin-11.11.1.tgz 0ms (cache hit)
137 http cache faye-websocket@https://registry.npmjs.org/faye-websocket/-/faye-websocket-0.11.4.tgz 0ms (cache hit)
138 http cache fs.realpath@https://registry.npmjs.org/fs.realpath/-/fs.realpath-1.0.0.tgz 0ms (cache hit)
139 http cache fast-text-encoding@https://registry.npmjs.org/fast-text-encoding/-/fast-text-encoding-1.0.6.tgz 0ms (cache hit)
140 http cache event-target-shim@https://registry.npmjs.org/event-target-shim/-/event-target-shim-5.0.1.tgz 0ms (cache hit)
141 http cache extend@https://registry.npmjs.org/extend/-/extend-3.0.2.tgz 0ms (cache hit)
142 http cache esutils@https://registry.npmjs.org/esutils/-/esutils-2.0.3.tgz 0ms (cache hit)
143 http cache fast-levenshtein@https://registry.npmjs.org/fast-levenshtein/-/fast-levenshtein-2.0.6.tgz 0ms (cache hit)
144 http cache esprima@https://registry.npmjs.org/esprima/-/esprima-4.0.1.tgz 0ms (cache hit)
145 http cache estraverse@https://registry.npmjs.org/estraverse/-/estraverse-5.3.0.tgz 0ms (cache hit)
146 http cache eslint-visitor-keys@https://registry.npmjs.org/eslint-visitor-keys/-/eslint-visitor-keys-3.4.3.tgz 0ms (cache hit)
147 http cache espree@https://registry.npmjs.org/espree/-/espree-9.6.1.tgz 0ms (cache hit)
148 http cache escape-string-regexp@https://registry.npmjs.org/escape-string-regexp/-/escape-string-regexp-2.0.0.tgz 0ms (cache hit)
149 http cache escodegen@https://registry.npmjs.org/escodegen/-/escodegen-1.14.3.tgz 0ms (cache hit)
150 http cache escalade@https://registry.npmjs.org/escalade/-/escalade-3.2.0.tgz 0ms (cache hit)
151 http cache es-object-atoms@https://registry.npmjs.org/es-object-atoms/-/es-object-atoms-1.1.1.tgz 0ms (cache hit)
152 http cache entities@https://registry.npmjs.org/entities/-/entities-4.5.0.tgz 0ms (cache hit)
153 http cache es-errors@https://registry.npmjs.org/es-errors/-/es-errors-1.3.0.tgz 0ms (cache hit)
154 http cache es-define-property@https://registry.npmjs.org/es-define-property/-/es-define-property-1.0.1.tgz 0ms (cache hit)
155 http cache ent@https://registry.npmjs.org/ent/-/ent-2.2.2.tgz 0ms (cache hit)
156 http cache fast-deep-equal@https://registry.npmjs.org/fast-deep-equal/-/fast-deep-equal-3.1.3.tgz 0ms (cache hit)
157 http cache end-of-stream@https://registry.npmjs.org/end-of-stream/-/end-of-stream-1.4.5.tgz 0ms (cache hit)
158 http cache ecdsa-sig-formatter@https://registry.npmjs.org/ecdsa-sig-formatter/-/ecdsa-sig-formatter-1.0.11.tgz 0ms (cache hit)
159 http cache duplexify@https://registry.npmjs.org/duplexify/-/duplexify-4.1.3.tgz 0ms (cache hit)
160 http cache dunder-proto@https://registry.npmjs.org/dunder-proto/-/dunder-proto-1.0.1.tgz 0ms (cache hit)
161 http cache deep-is@https://registry.npmjs.org/deep-is/-/deep-is-0.1.4.tgz 0ms (cache hit)
162 http cache debug@https://registry.npmjs.org/debug/-/debug-4.4.3.tgz 0ms (cache hit)
163 http cache compressible@https://registry.npmjs.org/compressible/-/compressible-2.0.18.tgz 0ms (cache hit)
164 http cache color-name@https://registry.npmjs.org/color-name/-/color-name-1.1.4.tgz 0ms (cache hit)
165 http cache cliui@https://registry.npmjs.org/cliui/-/cliui-8.0.1.tgz 0ms (cache hit)
166 http cache color-convert@https://registry.npmjs.org/color-convert/-/color-convert-2.0.1.tgz 0ms (cache hit)
167 http cache chalk@https://registry.npmjs.org/chalk/-/chalk-4.1.2.tgz 0ms (cache hit)
168 http cache catharsis@https://registry.npmjs.org/catharsis/-/catharsis-0.9.0.tgz 0ms (cache hit)
169 http cache call-bind-apply-helpers@https://registry.npmjs.org/call-bind-apply-helpers/-/call-bind-apply-helpers-1.0.2.tgz 0ms (cache hit)
170 http cache emoji-regex@https://registry.npmjs.org/emoji-regex/-/emoji-regex-8.0.0.tgz 0ms (cache hit)
171 http cache buffer-equal-constant-time@https://registry.npmjs.org/buffer-equal-constant-time/-/buffer-equal-constant-time-1.0.1.tgz 0ms (cache hit)
172 http cache bluebird@https://registry.npmjs.org/bluebird/-/bluebird-3.7.2.tgz 0ms (cache hit)
173 http cache call-bound@https://registry.npmjs.org/call-bound/-/call-bound-1.0.4.tgz 0ms (cache hit)
174 http cache brace-expansion@https://registry.npmjs.org/brace-expansion/-/brace-expansion-2.0.2.tgz 0ms (cache hit)
175 http cache bignumber.js@https://registry.npmjs.org/bignumber.js/-/bignumber.js-9.3.1.tgz 0ms (cache hit)
176 http cache base64-js@https://registry.npmjs.org/base64-js/-/base64-js-1.5.1.tgz 0ms (cache hit)
177 http cache balanced-match@https://registry.npmjs.org/balanced-match/-/balanced-match-1.0.2.tgz 0ms (cache hit)
178 http cache argparse@https://registry.npmjs.org/argparse/-/argparse-2.0.1.tgz 0ms (cache hit)
179 http cache arrify@https://registry.npmjs.org/arrify/-/arrify-2.0.1.tgz 0ms (cache hit)
180 http cache async-retry@https://registry.npmjs.org/async-retry/-/async-retry-1.3.3.tgz 0ms (cache hit)
181 http cache ansi-styles@https://registry.npmjs.org/ansi-styles/-/ansi-styles-4.3.0.tgz 0ms (cache hit)
182 http cache ansi-regex@https://registry.npmjs.org/ansi-regex/-/ansi-regex-5.0.1.tgz 0ms (cache hit)
183 http cache agent-base@https://registry.npmjs.org/agent-base/-/agent-base-6.0.2.tgz 0ms (cache hit)
184 http cache @types/rimraf@https://registry.npmjs.org/@types/rimraf/-/rimraf-3.0.2.tgz 0ms (cache hit)
185 http cache @types/ms@https://registry.npmjs.org/@types/ms/-/ms-2.1.0.tgz 0ms (cache hit)
186 http cache @types/node@https://registry.npmjs.org/@types/node/-/node-25.3.5.tgz 0ms (cache hit)
187 http cache @types/minimatch@https://registry.npmjs.org/@types/minimatch/-/minimatch-5.1.2.tgz 0ms (cache hit)
188 http cache @types/markdown-it@https://registry.npmjs.org/@types/markdown-it/-/markdown-it-14.1.2.tgz 0ms (cache hit)
189 http cache @types/long@https://registry.npmjs.org/@types/long/-/long-4.0.2.tgz 0ms (cache hit)
190 http cache @types/mdurl@https://registry.npmjs.org/@types/mdurl/-/mdurl-2.0.0.tgz 0ms (cache hit)
191 http cache @types/jsonwebtoken@https://registry.npmjs.org/@types/jsonwebtoken/-/jsonwebtoken-9.0.10.tgz 0ms (cache hit)
192 http cache @types/glob@https://registry.npmjs.org/@types/glob/-/glob-8.1.0.tgz 0ms (cache hit)
193 http cache acorn@https://registry.npmjs.org/acorn/-/acorn-8.16.0.tgz 0ms (cache hit)
194 http cache acorn-jsx@https://registry.npmjs.org/acorn-jsx/-/acorn-jsx-5.3.2.tgz 1ms (cache hit)
195 http cache @tootallnate/once@https://registry.npmjs.org/@tootallnate/once/-/once-2.0.0.tgz 0ms (cache hit)
196 http cache abort-controller@https://registry.npmjs.org/abort-controller/-/abort-controller-3.0.0.tgz 0ms (cache hit)
197 http cache @protobufjs/utf8@https://registry.npmjs.org/@protobufjs/utf8/-/utf8-1.1.0.tgz 0ms (cache hit)
198 http cache @protobufjs/path@https://registry.npmjs.org/@protobufjs/path/-/path-1.1.2.tgz 0ms (cache hit)
199 http cache @protobufjs/inquire@https://registry.npmjs.org/@protobufjs/inquire/-/inquire-1.1.0.tgz 0ms (cache hit)
200 http cache @protobufjs/pool@https://registry.npmjs.org/@protobufjs/pool/-/pool-1.1.0.tgz 0ms (cache hit)
201 http cache @protobufjs/float@https://registry.npmjs.org/@protobufjs/float/-/float-1.0.2.tgz 0ms (cache hit)
202 http cache @protobufjs/fetch@https://registry.npmjs.org/@protobufjs/fetch/-/fetch-1.1.0.tgz 0ms (cache hit)
203 http cache @protobufjs/codegen@https://registry.npmjs.org/@protobufjs/codegen/-/codegen-2.0.4.tgz 0ms (cache hit)
204 http cache @protobufjs/aspromise@https://registry.npmjs.org/@protobufjs/aspromise/-/aspromise-1.1.2.tgz 0ms (cache hit)
205 http cache @protobufjs/eventemitter@https://registry.npmjs.org/@protobufjs/eventemitter/-/eventemitter-1.1.0.tgz 0ms (cache hit)
206 http cache @protobufjs/base64@https://registry.npmjs.org/@protobufjs/base64/-/base64-1.1.2.tgz 0ms (cache hit)
207 http cache @jsdoc/salty@https://registry.npmjs.org/@jsdoc/salty/-/salty-0.2.10.tgz 0ms (cache hit)
208 http cache @grpc/grpc-js@https://registry.npmjs.org/@grpc/grpc-js/-/grpc-js-1.8.22.tgz 0ms (cache hit)
209 http cache @google-cloud/storage@https://registry.npmjs.org/@google-cloud/storage/-/storage-6.12.0.tgz 0ms (cache hit)
210 http cache @grpc/proto-loader@https://registry.npmjs.org/@grpc/proto-loader/-/proto-loader-0.7.15.tgz 0ms (cache hit)
211 http cache @google-cloud/projectify@https://registry.npmjs.org/@google-cloud/projectify/-/projectify-3.0.0.tgz 0ms (cache hit)
212 http cache @google-cloud/promisify@https://registry.npmjs.org/@google-cloud/promisify/-/promisify-3.0.1.tgz 0ms (cache hit)
213 http cache @google-cloud/firestore@https://registry.npmjs.org/@google-cloud/firestore/-/firestore-6.8.0.tgz 0ms (cache hit)
214 http cache @google-cloud/paginator@https://registry.npmjs.org/@google-cloud/paginator/-/paginator-3.0.7.tgz 0ms (cache hit)
215 http cache @firebase/util@https://registry.npmjs.org/@firebase/util/-/util-1.9.3.tgz 0ms (cache hit)
216 http cache @types/linkify-it@https://registry.npmjs.org/@types/linkify-it/-/linkify-it-5.0.0.tgz 0ms (cache hit)
217 http cache @firebase/database-types@https://registry.npmjs.org/@firebase/database-types/-/database-types-0.10.4.tgz 0ms (cache hit)
218 http cache @firebase/database-compat@https://registry.npmjs.org/@firebase/database-compat/-/database-compat-0.3.4.tgz 0ms (cache hit)
219 http cache @firebase/database@https://registry.npmjs.org/@firebase/database/-/database-0.14.4.tgz 0ms (cache hit)
220 http cache @firebase/component@https://registry.npmjs.org/@firebase/component/-/component-0.6.4.tgz 0ms (cache hit)
221 http cache @firebase/logger@https://registry.npmjs.org/@firebase/logger/-/logger-0.4.0.tgz 0ms (cache hit)
222 http cache @firebase/auth-interop-types@https://registry.npmjs.org/@firebase/auth-interop-types/-/auth-interop-types-0.2.1.tgz 0ms (cache hit)
223 http cache @firebase/app-types@https://registry.npmjs.org/@firebase/app-types/-/app-types-0.9.0.tgz 0ms (cache hit)
224 http cache @fastify/busboy@https://registry.npmjs.org/@fastify/busboy/-/busboy-1.2.1.tgz 0ms (cache hit)
225 http cache @babel/parser@https://registry.npmjs.org/@babel/parser/-/parser-7.29.0.tgz 0ms (cache hit)
226 http cache @babel/types@https://registry.npmjs.org/@babel/types/-/types-7.29.0.tgz 0ms (cache hit)
227 http cache @babel/helper-validator-identifier@https://registry.npmjs.org/@babel/helper-validator-identifier/-/helper-validator-identifier-7.28.5.tgz 0ms (cache hit)
228 http cache mime-db@https://registry.npmjs.org/mime-db/-/mime-db-1.52.0.tgz 0ms (cache hit)
229 http cache @babel/helper-string-parser@https://registry.npmjs.org/@babel/helper-string-parser/-/helper-string-parser-7.27.1.tgz 0ms (cache hit)
230 silly tarball no local data for yocto-queue@https://registry.npmjs.org/yocto-queue/-/yocto-queue-0.1.0.tgz. Extracting by manifest.
231 http cache protobufjs@https://registry.npmjs.org/protobufjs/-/protobufjs-7.2.4.tgz 0ms (cache hit)
232 http cache estraverse@https://registry.npmjs.org/estraverse/-/estraverse-4.3.0.tgz 0ms (cache hit)
233 silly tarball no local data for yallist@https://registry.npmjs.org/yallist/-/yallist-4.0.0.tgz. Extracting by manifest.
234 http cache uuid@https://registry.npmjs.org/uuid/-/uuid-8.3.2.tgz 0ms (cache hit)
235 silly tarball no local data for yargs-parser@https://registry.npmjs.org/yargs-parser/-/yargs-parser-21.1.1.tgz. Extracting by manifest.
236 silly tarball no local data for y18n@https://registry.npmjs.org/y18n/-/y18n-5.0.8.tgz. Extracting by manifest.
237 silly tarball no local data for yargs@https://registry.npmjs.org/yargs/-/yargs-17.7.2.tgz. Extracting by manifest.
238 silly tarball no local data for wrap-ansi@https://registry.npmjs.org/wrap-ansi/-/wrap-ansi-7.0.0.tgz. Extracting by manifest.
239 silly tarball no local data for wrappy@https://registry.npmjs.org/wrappy/-/wrappy-1.0.2.tgz. Extracting by manifest.
240 silly tarball no local data for xmlcreate@https://registry.npmjs.org/xmlcreate/-/xmlcreate-2.0.4.tgz. Extracting by manifest.
241 silly tarball no local data for whatwg-url@https://registry.npmjs.org/whatwg-url/-/whatwg-url-5.0.0.tgz. Extracting by manifest.
242 silly tarball no local data for word-wrap@https://registry.npmjs.org/word-wrap/-/word-wrap-1.2.5.tgz. Extracting by manifest.
243 silly tarball no local data for webidl-conversions@https://registry.npmjs.org/webidl-conversions/-/webidl-conversions-3.0.1.tgz. Extracting by manifest.
244 silly tarball no local data for websocket-extensions@https://registry.npmjs.org/websocket-extensions/-/websocket-extensions-0.1.4.tgz. Extracting by manifest.
245 silly tarball no local data for websocket-driver@https://registry.npmjs.org/websocket-driver/-/websocket-driver-0.7.4.tgz. Extracting by manifest.
246 silly tarball no local data for util-deprecate@https://registry.npmjs.org/util-deprecate/-/util-deprecate-1.0.2.tgz. Extracting by manifest.
247 silly tarball no local data for uuid@https://registry.npmjs.org/uuid/-/uuid-9.0.1.tgz. Extracting by manifest.
248 silly tarball no local data for uc.micro@https://registry.npmjs.org/uc.micro/-/uc.micro-2.1.0.tgz. Extracting by manifest.
249 silly tarball no local data for type-check@https://registry.npmjs.org/type-check/-/type-check-0.3.2.tgz. Extracting by manifest.
250 silly tarball no local data for tslib@https://registry.npmjs.org/tslib/-/tslib-2.8.1.tgz. Extracting by manifest.
251 silly tarball no local data for undici-types@https://registry.npmjs.org/undici-types/-/undici-types-7.18.2.tgz. Extracting by manifest.
252 silly tarball no local data for underscore@https://registry.npmjs.org/underscore/-/underscore-1.13.8.tgz. Extracting by manifest.
253 silly tarball no local data for text-decoding@https://registry.npmjs.org/text-decoding/-/text-decoding-1.0.0.tgz. Extracting by manifest.
254 silly tarball no local data for teeny-request@https://registry.npmjs.org/teeny-request/-/teeny-request-8.0.3.tgz. Extracting by manifest.
255 silly tarball no local data for supports-color@https://registry.npmjs.org/supports-color/-/supports-color-7.2.0.tgz. Extracting by manifest.
256 silly tarball no local data for tr46@https://registry.npmjs.org/tr46/-/tr46-0.0.3.tgz. Extracting by manifest.
257 silly tarball no local data for stubs@https://registry.npmjs.org/stubs/-/stubs-3.0.0.tgz. Extracting by manifest.
258 silly tarball no local data for tmp@https://registry.npmjs.org/tmp/-/tmp-0.2.5.tgz. Extracting by manifest.
259 silly tarball no local data for uglify-js@https://registry.npmjs.org/uglify-js/-/uglify-js-3.19.3.tgz. Extracting by manifest.
260 silly tarball no local data for strnum@https://registry.npmjs.org/strnum/-/strnum-1.1.2.tgz. Extracting by manifest.
261 silly tarball no local data for strip-json-comments@https://registry.npmjs.org/strip-json-comments/-/strip-json-comments-3.1.1.tgz. Extracting by manifest.
262 silly tarball no local data for string_decoder@https://registry.npmjs.org/string_decoder/-/string_decoder-1.3.0.tgz. Extracting by manifest.
263 silly tarball no local data for strip-ansi@https://registry.npmjs.org/strip-ansi/-/strip-ansi-6.0.1.tgz. Extracting by manifest.
264 silly tarball no local data for stream-shift@https://registry.npmjs.org/stream-shift/-/stream-shift-1.0.3.tgz. Extracting by manifest.
265 silly tarball no local data for stream-events@https://registry.npmjs.org/stream-events/-/stream-events-1.0.5.tgz. Extracting by manifest.
266 silly tarball no local data for string-width@https://registry.npmjs.org/string-width/-/string-width-4.2.3.tgz. Extracting by manifest.
267 silly tarball no local data for semver@https://registry.npmjs.org/semver/-/semver-7.7.4.tgz. Extracting by manifest.
268 silly tarball no local data for source-map@https://registry.npmjs.org/source-map/-/source-map-0.6.1.tgz. Extracting by manifest.
269 silly tarball no local data for safe-regex-test@https://registry.npmjs.org/safe-regex-test/-/safe-regex-test-1.1.0.tgz. Extracting by manifest.
270 silly tarball no local data for retry-request@https://registry.npmjs.org/retry-request/-/retry-request-5.0.2.tgz. Extracting by manifest.
271 silly tarball no local data for safe-buffer@https://registry.npmjs.org/safe-buffer/-/safe-buffer-5.2.1.tgz. Extracting by manifest.
272 silly tarball no local data for readable-stream@https://registry.npmjs.org/readable-stream/-/readable-stream-3.6.2.tgz. Extracting by manifest.
273 silly tarball no local data for retry@https://registry.npmjs.org/retry/-/retry-0.13.1.tgz. Extracting by manifest.
274 silly tarball no local data for require-directory@https://registry.npmjs.org/require-directory/-/require-directory-2.1.1.tgz. Extracting by manifest.
275 silly tarball no local data for punycode@https://registry.npmjs.org/punycode/-/punycode-1.4.1.tgz. Extracting by manifest.
276 silly tarball no local data for requizzle@https://registry.npmjs.org/requizzle/-/requizzle-0.2.4.tgz. Extracting by manifest.
277 silly tarball no local data for protobufjs-cli@https://registry.npmjs.org/protobufjs-cli/-/protobufjs-cli-1.1.1.tgz. Extracting by manifest.
278 silly tarball no local data for punycode.js@https://registry.npmjs.org/punycode.js/-/punycode.js-2.3.1.tgz. Extracting by manifest.
279 silly tarball no local data for proto3-json-serializer@https://registry.npmjs.org/proto3-json-serializer/-/proto3-json-serializer-1.1.1.tgz. Extracting by manifest.
280 silly tarball no local data for protobufjs@https://registry.npmjs.org/protobufjs/-/protobufjs-7.5.4.tgz. Extracting by manifest.
281 silly tarball no local data for prelude-ls@https://registry.npmjs.org/prelude-ls/-/prelude-ls-1.1.2.tgz. Extracting by manifest.
282 silly tarball no local data for p-limit@https://registry.npmjs.org/p-limit/-/p-limit-3.1.0.tgz. Extracting by manifest.
283 silly tarball no local data for optionator@https://registry.npmjs.org/optionator/-/optionator-0.8.3.tgz. Extracting by manifest.
284 silly tarball no local data for object-hash@https://registry.npmjs.org/object-hash/-/object-hash-3.0.0.tgz. Extracting by manifest.
285 silly tarball no local data for node-forge@https://registry.npmjs.org/node-forge/-/node-forge-1.3.1.tgz. Extracting by manifest.
286 silly tarball no local data for once@https://registry.npmjs.org/once/-/once-1.4.0.tgz. Extracting by manifest.
287 silly tarball no local data for node-fetch@https://registry.npmjs.org/node-fetch/-/node-fetch-2.7.0.tgz. Extracting by manifest.
288 silly tarball no local data for ms@https://registry.npmjs.org/ms/-/ms-2.1.3.tgz. Extracting by manifest.
289 silly tarball no local data for mkdirp@https://registry.npmjs.org/mkdirp/-/mkdirp-1.0.4.tgz. Extracting by manifest.
290 silly tarball no local data for minimatch@https://registry.npmjs.org/minimatch/-/minimatch-5.1.9.tgz. Extracting by manifest.
291 silly tarball no local data for minimist@https://registry.npmjs.org/minimist/-/minimist-1.2.8.tgz. Extracting by manifest.
292 silly tarball no local data for mime-types@https://registry.npmjs.org/mime-types/-/mime-types-2.1.35.tgz. Extracting by manifest.
293 silly tarball no local data for mime-db@https://registry.npmjs.org/mime-db/-/mime-db-1.54.0.tgz. Extracting by manifest.
294 silly tarball no local data for mdurl@https://registry.npmjs.org/mdurl/-/mdurl-2.0.0.tgz. Extracting by manifest.
295 silly tarball no local data for mime@https://registry.npmjs.org/mime/-/mime-3.0.0.tgz. Extracting by manifest.
296 silly tarball no local data for math-intrinsics@https://registry.npmjs.org/math-intrinsics/-/math-intrinsics-1.1.0.tgz. Extracting by manifest.
297 silly tarball no local data for markdown-it@https://registry.npmjs.org/markdown-it/-/markdown-it-14.1.1.tgz. Extracting by manifest.
298 silly tarball no local data for markdown-it-anchor@https://registry.npmjs.org/markdown-it-anchor/-/markdown-it-anchor-8.6.7.tgz. Extracting by manifest.
299 silly tarball no local data for marked@https://registry.npmjs.org/marked/-/marked-4.3.0.tgz. Extracting by manifest.
300 silly tarball no local data for lru-cache@https://registry.npmjs.org/lru-cache/-/lru-cache-6.0.0.tgz. Extracting by manifest.
301 silly tarball no local data for lru-memoizer@https://registry.npmjs.org/lru-memoizer/-/lru-memoizer-2.3.0.tgz. Extracting by manifest.
302 silly tarball no local data for lodash.once@https://registry.npmjs.org/lodash.once/-/lodash.once-4.1.1.tgz. Extracting by manifest.
303 silly tarball no local data for lodash.isplainobject@https://registry.npmjs.org/lodash.isplainobject/-/lodash.isplainobject-4.0.6.tgz. Extracting by manifest.
304 silly tarball no local data for lodash.isstring@https://registry.npmjs.org/lodash.isstring/-/lodash.isstring-4.0.1.tgz. Extracting by manifest.
305 silly tarball no local data for lodash.isinteger@https://registry.npmjs.org/lodash.isinteger/-/lodash.isinteger-4.0.4.tgz. Extracting by manifest.
306 silly tarball no local data for lodash.isnumber@https://registry.npmjs.org/lodash.isnumber/-/lodash.isnumber-3.0.3.tgz. Extracting by manifest.
307 silly tarball no local data for lodash.isboolean@https://registry.npmjs.org/lodash.isboolean/-/lodash.isboolean-3.0.3.tgz. Extracting by manifest.
308 silly tarball no local data for long@https://registry.npmjs.org/long/-/long-5.3.2.tgz. Extracting by manifest.
309 silly tarball no local data for lodash.includes@https://registry.npmjs.org/lodash.includes/-/lodash.includes-4.3.0.tgz. Extracting by manifest.
310 silly tarball no local data for limiter@https://registry.npmjs.org/limiter/-/limiter-1.1.5.tgz. Extracting by manifest.
311 silly tarball no local data for lodash.clonedeep@https://registry.npmjs.org/lodash.clonedeep/-/lodash.clonedeep-4.5.0.tgz. Extracting by manifest.
312 silly tarball no local data for lodash.camelcase@https://registry.npmjs.org/lodash.camelcase/-/lodash.camelcase-4.3.0.tgz. Extracting by manifest.
313 silly tarball no local data for linkify-it@https://registry.npmjs.org/linkify-it/-/linkify-it-5.0.0.tgz. Extracting by manifest.
314 silly tarball no local data for lodash@https://registry.npmjs.org/lodash/-/lodash-4.17.23.tgz. Extracting by manifest.
315 silly tarball no local data for levn@https://registry.npmjs.org/levn/-/levn-0.3.0.tgz. Extracting by manifest.
316 silly tarball no local data for klaw@https://registry.npmjs.org/klaw/-/klaw-3.0.0.tgz. Extracting by manifest.
317 silly tarball no local data for jws@https://registry.npmjs.org/jws/-/jws-4.0.1.tgz. Extracting by manifest.
318 silly tarball no local data for json-bigint@https://registry.npmjs.org/json-bigint/-/json-bigint-1.0.0.tgz. Extracting by manifest.
319 silly tarball no local data for jwks-rsa@https://registry.npmjs.org/jwks-rsa/-/jwks-rsa-3.2.2.tgz. Extracting by manifest.
320 silly tarball no local data for jsdoc@https://registry.npmjs.org/jsdoc/-/jsdoc-4.0.5.tgz. Extracting by manifest.
321 silly tarball no local data for jwa@https://registry.npmjs.org/jwa/-/jwa-2.0.1.tgz. Extracting by manifest.
322 silly tarball no local data for jose@https://registry.npmjs.org/jose/-/jose-4.15.9.tgz. Extracting by manifest.
323 silly tarball no local data for jsonwebtoken@https://registry.npmjs.org/jsonwebtoken/-/jsonwebtoken-9.0.3.tgz. Extracting by manifest.
324 silly tarball no local data for js2xmlparser@https://registry.npmjs.org/js2xmlparser/-/js2xmlparser-4.0.2.tgz. Extracting by manifest.
325 silly tarball no local data for is-stream@https://registry.npmjs.org/is-stream/-/is-stream-2.0.1.tgz. Extracting by manifest.
326 silly tarball no local data for is-stream-ended@https://registry.npmjs.org/is-stream-ended/-/is-stream-ended-0.1.4.tgz. Extracting by manifest.
327 silly tarball no local data for inherits@https://registry.npmjs.org/inherits/-/inherits-2.0.4.tgz. Extracting by manifest.
328 silly tarball no local data for is-fullwidth-code-point@https://registry.npmjs.org/is-fullwidth-code-point/-/is-fullwidth-code-point-3.0.0.tgz. Extracting by manifest.
329 silly tarball no local data for https-proxy-agent@https://registry.npmjs.org/https-proxy-agent/-/https-proxy-agent-5.0.1.tgz. Extracting by manifest.
330 silly tarball no local data for is-regex@https://registry.npmjs.org/is-regex/-/is-regex-1.2.1.tgz. Extracting by manifest.
331 silly tarball no local data for inflight@https://registry.npmjs.org/inflight/-/inflight-1.0.6.tgz. Extracting by manifest.
332 silly tarball no local data for has-tostringtag@https://registry.npmjs.org/has-tostringtag/-/has-tostringtag-1.0.2.tgz. Extracting by manifest.
333 silly tarball no local data for http-proxy-agent@https://registry.npmjs.org/http-proxy-agent/-/http-proxy-agent-5.0.0.tgz. Extracting by manifest.
334 silly tarball no local data for http-parser-js@https://registry.npmjs.org/http-parser-js/-/http-parser-js-0.5.10.tgz. Extracting by manifest.
335 silly tarball no local data for hasown@https://registry.npmjs.org/hasown/-/hasown-2.0.2.tgz. Extracting by manifest.
336 silly tarball no local data for has-symbols@https://registry.npmjs.org/has-symbols/-/has-symbols-1.1.0.tgz. Extracting by manifest.
337 silly tarball no local data for gopd@https://registry.npmjs.org/gopd/-/gopd-1.2.0.tgz. Extracting by manifest.
338 silly tarball no local data for has-flag@https://registry.npmjs.org/has-flag/-/has-flag-4.0.0.tgz. Extracting by manifest.
339 silly tarball no local data for gtoken@https://registry.npmjs.org/gtoken/-/gtoken-6.1.2.tgz. Extracting by manifest.
340 silly tarball no local data for graceful-fs@https://registry.npmjs.org/graceful-fs/-/graceful-fs-4.2.11.tgz. Extracting by manifest.
341 silly tarball no local data for google-p12-pem@https://registry.npmjs.org/google-p12-pem/-/google-p12-pem-4.0.1.tgz. Extracting by manifest.
342 silly tarball no local data for get-proto@https://registry.npmjs.org/get-proto/-/get-proto-1.0.1.tgz. Extracting by manifest.
343 silly tarball no local data for google-gax@https://registry.npmjs.org/google-gax/-/google-gax-3.6.1.tgz. Extracting by manifest.
344 silly tarball no local data for google-auth-library@https://registry.npmjs.org/google-auth-library/-/google-auth-library-8.9.0.tgz. Extracting by manifest.
345 silly tarball no local data for glob@https://registry.npmjs.org/glob/-/glob-8.1.0.tgz. Extracting by manifest.
346 silly tarball no local data for get-intrinsic@https://registry.npmjs.org/get-intrinsic/-/get-intrinsic-1.3.0.tgz. Extracting by manifest.
347 silly tarball no local data for functional-red-black-tree@https://registry.npmjs.org/functional-red-black-tree/-/functional-red-black-tree-1.0.1.tgz. Extracting by manifest.
348 silly tarball no local data for get-caller-file@https://registry.npmjs.org/get-caller-file/-/get-caller-file-2.0.5.tgz. Extracting by manifest.
349 silly tarball no local data for gcp-metadata@https://registry.npmjs.org/gcp-metadata/-/gcp-metadata-5.3.0.tgz. Extracting by manifest.
350 silly tarball no local data for gaxios@https://registry.npmjs.org/gaxios/-/gaxios-5.1.3.tgz. Extracting by manifest.
351 silly tarball no local data for function-bind@https://registry.npmjs.org/function-bind/-/function-bind-1.1.2.tgz. Extracting by manifest.
352 silly tarball no local data for fast-xml-parser@https://registry.npmjs.org/fast-xml-parser/-/fast-xml-parser-4.5.4.tgz. Extracting by manifest.
353 silly tarball no local data for firebase-admin@https://registry.npmjs.org/firebase-admin/-/firebase-admin-11.11.1.tgz. Extracting by manifest.
354 silly tarball no local data for faye-websocket@https://registry.npmjs.org/faye-websocket/-/faye-websocket-0.11.4.tgz. Extracting by manifest.
355 silly tarball no local data for fs.realpath@https://registry.npmjs.org/fs.realpath/-/fs.realpath-1.0.0.tgz. Extracting by manifest.
356 silly tarball no local data for fast-text-encoding@https://registry.npmjs.org/fast-text-encoding/-/fast-text-encoding-1.0.6.tgz. Extracting by manifest.
357 silly tarball no local data for event-target-shim@https://registry.npmjs.org/event-target-shim/-/event-target-shim-5.0.1.tgz. Extracting by manifest.
358 silly tarball no local data for extend@https://registry.npmjs.org/extend/-/extend-3.0.2.tgz. Extracting by manifest.
359 silly tarball no local data for esutils@https://registry.npmjs.org/esutils/-/esutils-2.0.3.tgz. Extracting by manifest.
360 silly tarball no local data for fast-levenshtein@https://registry.npmjs.org/fast-levenshtein/-/fast-levenshtein-2.0.6.tgz. Extracting by manifest.
361 silly tarball no local data for esprima@https://registry.npmjs.org/esprima/-/esprima-4.0.1.tgz. Extracting by manifest.
362 silly tarball no local data for estraverse@https://registry.npmjs.org/estraverse/-/estraverse-5.3.0.tgz. Extracting by manifest.
363 silly tarball no local data for eslint-visitor-keys@https://registry.npmjs.org/eslint-visitor-keys/-/eslint-visitor-keys-3.4.3.tgz. Extracting by manifest.
364 silly tarball no local data for espree@https://registry.npmjs.org/espree/-/espree-9.6.1.tgz. Extracting by manifest.
365 silly tarball no local data for escape-string-regexp@https://registry.npmjs.org/escape-string-regexp/-/escape-string-regexp-2.0.0.tgz. Extracting by manifest.
366 silly tarball no local data for escodegen@https://registry.npmjs.org/escodegen/-/escodegen-1.14.3.tgz. Extracting by manifest.
367 silly tarball no local data for escalade@https://registry.npmjs.org/escalade/-/escalade-3.2.0.tgz. Extracting by manifest.
368 silly tarball no local data for es-object-atoms@https://registry.npmjs.org/es-object-atoms/-/es-object-atoms-1.1.1.tgz. Extracting by manifest.
369 silly tarball no local data for entities@https://registry.npmjs.org/entities/-/entities-4.5.0.tgz. Extracting by manifest.
370 silly tarball no local data for es-errors@https://registry.npmjs.org/es-errors/-/es-errors-1.3.0.tgz. Extracting by manifest.
371 silly tarball no local data for es-define-property@https://registry.npmjs.org/es-define-property/-/es-define-property-1.0.1.tgz. Extracting by manifest.
372 silly tarball no local data for ent@https://registry.npmjs.org/ent/-/ent-2.2.2.tgz. Extracting by manifest.
373 silly tarball no local data for fast-deep-equal@https://registry.npmjs.org/fast-deep-equal/-/fast-deep-equal-3.1.3.tgz. Extracting by manifest.
374 silly tarball no local data for end-of-stream@https://registry.npmjs.org/end-of-stream/-/end-of-stream-1.4.5.tgz. Extracting by manifest.
375 silly tarball no local data for ecdsa-sig-formatter@https://registry.npmjs.org/ecdsa-sig-formatter/-/ecdsa-sig-formatter-1.0.11.tgz. Extracting by manifest.
376 silly tarball no local data for duplexify@https://registry.npmjs.org/duplexify/-/duplexify-4.1.3.tgz. Extracting by manifest.
377 silly tarball no local data for dunder-proto@https://registry.npmjs.org/dunder-proto/-/dunder-proto-1.0.1.tgz. Extracting by manifest.
378 silly tarball no local data for deep-is@https://registry.npmjs.org/deep-is/-/deep-is-0.1.4.tgz. Extracting by manifest.
379 silly tarball no local data for debug@https://registry.npmjs.org/debug/-/debug-4.4.3.tgz. Extracting by manifest.
380 silly tarball no local data for compressible@https://registry.npmjs.org/compressible/-/compressible-2.0.18.tgz. Extracting by manifest.
381 silly tarball no local data for color-name@https://registry.npmjs.org/color-name/-/color-name-1.1.4.tgz. Extracting by manifest.
382 silly tarball no local data for cliui@https://registry.npmjs.org/cliui/-/cliui-8.0.1.tgz. Extracting by manifest.
383 silly tarball no local data for color-convert@https://registry.npmjs.org/color-convert/-/color-convert-2.0.1.tgz. Extracting by manifest.
384 silly tarball no local data for chalk@https://registry.npmjs.org/chalk/-/chalk-4.1.2.tgz. Extracting by manifest.
385 silly tarball no local data for catharsis@https://registry.npmjs.org/catharsis/-/catharsis-0.9.0.tgz. Extracting by manifest.
386 silly tarball no local data for call-bind-apply-helpers@https://registry.npmjs.org/call-bind-apply-helpers/-/call-bind-apply-helpers-1.0.2.tgz. Extracting by manifest.
387 silly tarball no local data for emoji-regex@https://registry.npmjs.org/emoji-regex/-/emoji-regex-8.0.0.tgz. Extracting by manifest.
388 silly tarball no local data for buffer-equal-constant-time@https://registry.npmjs.org/buffer-equal-constant-time/-/buffer-equal-constant-time-1.0.1.tgz. Extracting by manifest.
389 silly tarball no local data for bluebird@https://registry.npmjs.org/bluebird/-/bluebird-3.7.2.tgz. Extracting by manifest.
390 silly tarball no local data for call-bound@https://registry.npmjs.org/call-bound/-/call-bound-1.0.4.tgz. Extracting by manifest.
391 silly tarball no local data for brace-expansion@https://registry.npmjs.org/brace-expansion/-/brace-expansion-2.0.2.tgz. Extracting by manifest.
392 silly tarball no local data for bignumber.js@https://registry.npmjs.org/bignumber.js/-/bignumber.js-9.3.1.tgz. Extracting by manifest.
393 silly tarball no local data for base64-js@https://registry.npmjs.org/base64-js/-/base64-js-1.5.1.tgz. Extracting by manifest.
394 silly tarball no local data for balanced-match@https://registry.npmjs.org/balanced-match/-/balanced-match-1.0.2.tgz. Extracting by manifest.
395 silly tarball no local data for argparse@https://registry.npmjs.org/argparse/-/argparse-2.0.1.tgz. Extracting by manifest.
396 silly tarball no local data for arrify@https://registry.npmjs.org/arrify/-/arrify-2.0.1.tgz. Extracting by manifest.
397 silly tarball no local data for async-retry@https://registry.npmjs.org/async-retry/-/async-retry-1.3.3.tgz. Extracting by manifest.
398 silly tarball no local data for ansi-styles@https://registry.npmjs.org/ansi-styles/-/ansi-styles-4.3.0.tgz. Extracting by manifest.
399 silly tarball no local data for ansi-regex@https://registry.npmjs.org/ansi-regex/-/ansi-regex-5.0.1.tgz. Extracting by manifest.
400 silly tarball no local data for agent-base@https://registry.npmjs.org/agent-base/-/agent-base-6.0.2.tgz. Extracting by manifest.
401 silly tarball no local data for @types/rimraf@https://registry.npmjs.org/@types/rimraf/-/rimraf-3.0.2.tgz. Extracting by manifest.
402 silly tarball no local data for @types/ms@https://registry.npmjs.org/@types/ms/-/ms-2.1.0.tgz. Extracting by manifest.
403 silly tarball no local data for @types/node@https://registry.npmjs.org/@types/node/-/node-25.3.5.tgz. Extracting by manifest.
404 silly tarball no local data for @types/minimatch@https://registry.npmjs.org/@types/minimatch/-/minimatch-5.1.2.tgz. Extracting by manifest.
405 silly tarball no local data for @types/markdown-it@https://registry.npmjs.org/@types/markdown-it/-/markdown-it-14.1.2.tgz. Extracting by manifest.
406 silly tarball no local data for @types/long@https://registry.npmjs.org/@types/long/-/long-4.0.2.tgz. Extracting by manifest.
407 silly tarball no local data for @types/mdurl@https://registry.npmjs.org/@types/mdurl/-/mdurl-2.0.0.tgz. Extracting by manifest.
408 silly tarball no local data for @types/jsonwebtoken@https://registry.npmjs.org/@types/jsonwebtoken/-/jsonwebtoken-9.0.10.tgz. Extracting by manifest.
409 silly tarball no local data for @types/glob@https://registry.npmjs.org/@types/glob/-/glob-8.1.0.tgz. Extracting by manifest.
410 silly tarball no local data for acorn@https://registry.npmjs.org/acorn/-/acorn-8.16.0.tgz. Extracting by manifest.
411 silly tarball no local data for acorn-jsx@https://registry.npmjs.org/acorn-jsx/-/acorn-jsx-5.3.2.tgz. Extracting by manifest.
412 silly tarball no local data for @tootallnate/once@https://registry.npmjs.org/@tootallnate/once/-/once-2.0.0.tgz. Extracting by manifest.
413 silly tarball no local data for abort-controller@https://registry.npmjs.org/abort-controller/-/abort-controller-3.0.0.tgz. Extracting by manifest.
414 silly tarball no local data for @protobufjs/utf8@https://registry.npmjs.org/@protobufjs/utf8/-/utf8-1.1.0.tgz. Extracting by manifest.
415 silly tarball no local data for @protobufjs/path@https://registry.npmjs.org/@protobufjs/path/-/path-1.1.2.tgz. Extracting by manifest.
416 silly tarball no local data for @protobufjs/inquire@https://registry.npmjs.org/@protobufjs/inquire/-/inquire-1.1.0.tgz. Extracting by manifest.
417 silly tarball no local data for @protobufjs/pool@https://registry.npmjs.org/@protobufjs/pool/-/pool-1.1.0.tgz. Extracting by manifest.
418 silly tarball no local data for @protobufjs/float@https://registry.npmjs.org/@protobufjs/float/-/float-1.0.2.tgz. Extracting by manifest.
419 silly tarball no local data for @protobufjs/fetch@https://registry.npmjs.org/@protobufjs/fetch/-/fetch-1.1.0.tgz. Extracting by manifest.
420 silly tarball no local data for @protobufjs/codegen@https://registry.npmjs.org/@protobufjs/codegen/-/codegen-2.0.4.tgz. Extracting by manifest.
421 silly tarball no local data for @protobufjs/aspromise@https://registry.npmjs.org/@protobufjs/aspromise/-/aspromise-1.1.2.tgz. Extracting by manifest.
422 silly tarball no local data for @protobufjs/eventemitter@https://registry.npmjs.org/@protobufjs/eventemitter/-/eventemitter-1.1.0.tgz. Extracting by manifest.
423 silly tarball no local data for @protobufjs/base64@https://registry.npmjs.org/@protobufjs/base64/-/base64-1.1.2.tgz. Extracting by manifest.
424 silly tarball no local data for @jsdoc/salty@https://registry.npmjs.org/@jsdoc/salty/-/salty-0.2.10.tgz. Extracting by manifest.
425 silly tarball no local data for @grpc/grpc-js@https://registry.npmjs.org/@grpc/grpc-js/-/grpc-js-1.8.22.tgz. Extracting by manifest.
426 silly tarball no local data for @google-cloud/storage@https://registry.npmjs.org/@google-cloud/storage/-/storage-6.12.0.tgz. Extracting by manifest.
427 silly tarball no local data for @grpc/proto-loader@https://registry.npmjs.org/@grpc/proto-loader/-/proto-loader-0.7.15.tgz. Extracting by manifest.
428 silly tarball no local data for @google-cloud/projectify@https://registry.npmjs.org/@google-cloud/projectify/-/projectify-3.0.0.tgz. Extracting by manifest.
429 silly tarball no local data for @google-cloud/promisify@https://registry.npmjs.org/@google-cloud/promisify/-/promisify-3.0.1.tgz. Extracting by manifest.
430 silly tarball no local data for @google-cloud/firestore@https://registry.npmjs.org/@google-cloud/firestore/-/firestore-6.8.0.tgz. Extracting by manifest.
431 silly tarball no local data for @google-cloud/paginator@https://registry.npmjs.org/@google-cloud/paginator/-/paginator-3.0.7.tgz. Extracting by manifest.
432 silly tarball no local data for @firebase/util@https://registry.npmjs.org/@firebase/util/-/util-1.9.3.tgz. Extracting by manifest.
433 silly tarball no local data for @types/linkify-it@https://registry.npmjs.org/@types/linkify-it/-/linkify-it-5.0.0.tgz. Extracting by manifest.
434 silly tarball no local data for @firebase/database-types@https://registry.npmjs.org/@firebase/database-types/-/database-types-0.10.4.tgz. Extracting by manifest.
435 silly tarball no local data for @firebase/database-compat@https://registry.npmjs.org/@firebase/database-compat/-/database-compat-0.3.4.tgz. Extracting by manifest.
436 silly tarball no local data for @firebase/database@https://registry.npmjs.org/@firebase/database/-/database-0.14.4.tgz. Extracting by manifest.
437 silly tarball no local data for @firebase/component@https://registry.npmjs.org/@firebase/component/-/component-0.6.4.tgz. Extracting by manifest.
438 silly tarball no local data for @firebase/logger@https://registry.npmjs.org/@firebase/logger/-/logger-0.4.0.tgz. Extracting by manifest.
439 silly tarball no local data for @firebase/auth-interop-types@https://registry.npmjs.org/@firebase/auth-interop-types/-/auth-interop-types-0.2.1.tgz. Extracting by manifest.
440 silly tarball no local data for @firebase/app-types@https://registry.npmjs.org/@firebase/app-types/-/app-types-0.9.0.tgz. Extracting by manifest.
441 silly tarball no local data for @fastify/busboy@https://registry.npmjs.org/@fastify/busboy/-/busboy-1.2.1.tgz. Extracting by manifest.
442 silly tarball no local data for @babel/parser@https://registry.npmjs.org/@babel/parser/-/parser-7.29.0.tgz. Extracting by manifest.
443 silly tarball no local data for @babel/types@https://registry.npmjs.org/@babel/types/-/types-7.29.0.tgz. Extracting by manifest.
444 silly tarball no local data for @babel/helper-validator-identifier@https://registry.npmjs.org/@babel/helper-validator-identifier/-/helper-validator-identifier-7.28.5.tgz. Extracting by manifest.
445 silly tarball no local data for mime-db@https://registry.npmjs.org/mime-db/-/mime-db-1.52.0.tgz. Extracting by manifest.
446 silly tarball no local data for @babel/helper-string-parser@https://registry.npmjs.org/@babel/helper-string-parser/-/helper-string-parser-7.27.1.tgz. Extracting by manifest.
447 silly tarball no local data for protobufjs@https://registry.npmjs.org/protobufjs/-/protobufjs-7.2.4.tgz. Extracting by manifest.
448 silly tarball no local data for estraverse@https://registry.npmjs.org/estraverse/-/estraverse-4.3.0.tgz. Extracting by manifest.
449 silly tarball no local data for uuid@https://registry.npmjs.org/uuid/-/uuid-8.3.2.tgz. Extracting by manifest.
450 http fetch GET 200 https://registry.npmjs.org/yocto-queue/-/yocto-queue-0.1.0.tgz 3374ms (cache miss)
451 http fetch GET 200 https://registry.npmjs.org/yallist/-/yallist-4.0.0.tgz 3366ms (cache miss)
452 http fetch GET 200 https://registry.npmjs.org/websocket-extensions/-/websocket-extensions-0.1.4.tgz 3397ms (cache miss)
453 http fetch GET 200 https://registry.npmjs.org/type-check/-/type-check-0.3.2.tgz 3454ms (cache miss)
454 http fetch GET 200 https://registry.npmjs.org/uc.micro/-/uc.micro-2.1.0.tgz 3463ms (cache miss)
455 http fetch GET 200 https://registry.npmjs.org/webidl-conversions/-/webidl-conversions-3.0.1.tgz 3492ms (cache miss)
456 http fetch GET 200 https://registry.npmjs.org/util-deprecate/-/util-deprecate-1.0.2.tgz 3576ms (cache miss)
457 http fetch GET 200 https://registry.npmjs.org/xmlcreate/-/xmlcreate-2.0.4.tgz 3589ms (cache miss)
458 http fetch GET 200 https://registry.npmjs.org/y18n/-/y18n-5.0.8.tgz 3871ms (cache miss)
459 http fetch GET 200 https://registry.npmjs.org/word-wrap/-/word-wrap-1.2.5.tgz 3873ms (cache miss)
460 http fetch GET 200 https://registry.npmjs.org/wrap-ansi/-/wrap-ansi-7.0.0.tgz 4362ms (cache miss)
461 http fetch GET 200 https://registry.npmjs.org/yargs-parser/-/yargs-parser-21.1.1.tgz 4711ms (cache miss)
462 http fetch GET 200 https://registry.npmjs.org/uuid/-/uuid-9.0.1.tgz 4748ms (cache miss)
463 http fetch GET 200 https://registry.npmjs.org/supports-color/-/supports-color-7.2.0.tgz 4743ms (cache miss)
464 http fetch GET 200 https://registry.npmjs.org/wrappy/-/wrappy-1.0.2.tgz 4769ms (cache miss)
465 http fetch GET 200 https://registry.npmjs.org/undici-types/-/undici-types-7.18.2.tgz 4979ms (cache miss)
466 http fetch GET 200 https://registry.npmjs.org/tr46/-/tr46-0.0.3.tgz 5188ms (cache miss)
467 http fetch GET 200 https://registry.npmjs.org/tslib/-/tslib-2.8.1.tgz 5221ms (cache miss)
468 http fetch GET 200 https://registry.npmjs.org/strnum/-/strnum-1.1.2.tgz 5287ms (cache miss)
469 http fetch GET 200 https://registry.npmjs.org/stubs/-/stubs-3.0.0.tgz 5325ms (cache miss)
470 http fetch GET 200 https://registry.npmjs.org/stream-shift/-/stream-shift-1.0.3.tgz 5349ms (cache miss)
471 http fetch GET 200 https://registry.npmjs.org/yargs/-/yargs-17.7.2.tgz 5381ms (cache miss)
472 http fetch GET 200 https://registry.npmjs.org/strip-ansi/-/strip-ansi-6.0.1.tgz 5396ms (cache miss)
473 http fetch GET 200 https://registry.npmjs.org/stream-events/-/stream-events-1.0.5.tgz 5840ms (cache miss)
474 http fetch GET 200 https://registry.npmjs.org/strip-json-comments/-/strip-json-comments-3.1.1.tgz 6081ms (cache miss)
475 http fetch GET 200 https://registry.npmjs.org/safe-regex-test/-/safe-regex-test-1.1.0.tgz 6149ms (cache miss)
476 http fetch GET 200 https://registry.npmjs.org/safe-buffer/-/safe-buffer-5.2.1.tgz 6211ms (cache miss)
477 http fetch GET 200 https://registry.npmjs.org/retry-request/-/retry-request-5.0.2.tgz 6311ms (cache miss)
478 http fetch GET 200 https://registry.npmjs.org/require-directory/-/require-directory-2.1.1.tgz 6428ms (cache miss)
479 http fetch GET 200 https://registry.npmjs.org/string_decoder/-/string_decoder-1.3.0.tgz 6489ms (cache miss)
480 http fetch GET 200 https://registry.npmjs.org/semver/-/semver-7.7.4.tgz 6528ms (cache miss)
481 http fetch GET 200 https://registry.npmjs.org/requizzle/-/requizzle-0.2.4.tgz 6798ms (cache miss)
482 http fetch GET 200 https://registry.npmjs.org/punycode.js/-/punycode.js-2.3.1.tgz 6995ms (cache miss)
483 http fetch GET 200 https://registry.npmjs.org/whatwg-url/-/whatwg-url-5.0.0.tgz 7116ms (cache miss)
484 http fetch GET 200 https://registry.npmjs.org/punycode/-/punycode-1.4.1.tgz 7079ms (cache miss)
485 http fetch GET 200 https://registry.npmjs.org/protobufjs-cli/-/protobufjs-cli-1.1.1.tgz 7518ms (cache miss)
486 http fetch GET 200 https://registry.npmjs.org/prelude-ls/-/prelude-ls-1.1.2.tgz 7646ms (cache miss)
487 http fetch GET 200 https://registry.npmjs.org/p-limit/-/p-limit-3.1.0.tgz 7715ms (cache miss)
488 http fetch GET 200 https://registry.npmjs.org/proto3-json-serializer/-/proto3-json-serializer-1.1.1.tgz 8136ms (cache miss)
489 http fetch GET 200 https://registry.npmjs.org/string-width/-/string-width-4.2.3.tgz 8263ms (cache miss)
490 http fetch GET 200 https://registry.npmjs.org/text-decoding/-/text-decoding-1.0.0.tgz 8298ms (cache miss)
491 http fetch GET 200 https://registry.npmjs.org/once/-/once-1.4.0.tgz 8273ms (cache miss)
492 http fetch GET 200 https://registry.npmjs.org/optionator/-/optionator-0.8.3.tgz 8346ms (cache miss)
493 http fetch GET 200 https://registry.npmjs.org/ms/-/ms-2.1.3.tgz 8690ms (cache miss)
494 http fetch GET 200 https://registry.npmjs.org/mkdirp/-/mkdirp-1.0.4.tgz 8725ms (cache miss)
495 http fetch GET 200 https://registry.npmjs.org/minimatch/-/minimatch-5.1.9.tgz 8999ms (cache miss)
496 http fetch GET 200 https://registry.npmjs.org/node-fetch/-/node-fetch-2.7.0.tgz 9026ms (cache miss)
497 http fetch GET 200 https://registry.npmjs.org/underscore/-/underscore-1.13.8.tgz 9098ms (cache miss)
498 http fetch GET 200 https://registry.npmjs.org/mime-types/-/mime-types-2.1.35.tgz 9115ms (cache miss)
499 http fetch GET 200 https://registry.npmjs.org/mdurl/-/mdurl-2.0.0.tgz 9526ms (cache miss)
500 http fetch GET 200 https://registry.npmjs.org/retry/-/retry-0.13.1.tgz 9576ms (cache miss)
501 http fetch GET 200 https://registry.npmjs.org/minimist/-/minimist-1.2.8.tgz 9595ms (cache miss)
502 http fetch GET 200 https://registry.npmjs.org/mime/-/mime-3.0.0.tgz 9649ms (cache miss)
503 http fetch GET 200 https://registry.npmjs.org/uglify-js/-/uglify-js-3.19.3.tgz 9714ms (cache miss)
504 http fetch GET 200 https://registry.npmjs.org/math-intrinsics/-/math-intrinsics-1.1.0.tgz 9716ms (cache miss)
505 http fetch GET 200 https://registry.npmjs.org/source-map/-/source-map-0.6.1.tgz 9787ms (cache miss)
506 http fetch GET 200 https://registry.npmjs.org/lru-cache/-/lru-cache-6.0.0.tgz 9998ms (cache miss)
507 http fetch GET 200 https://registry.npmjs.org/lodash.once/-/lodash.once-4.1.1.tgz 10081ms (cache miss)
508 http fetch GET 200 https://registry.npmjs.org/lru-memoizer/-/lru-memoizer-2.3.0.tgz 10120ms (cache miss)
509 http fetch GET 200 https://registry.npmjs.org/lodash.isstring/-/lodash.isstring-4.0.1.tgz 10195ms (cache miss)
510 http fetch GET 200 https://registry.npmjs.org/mime-db/-/mime-db-1.54.0.tgz 10250ms (cache miss)
511 http fetch GET 200 https://registry.npmjs.org/markdown-it-anchor/-/markdown-it-anchor-8.6.7.tgz 10367ms (cache miss)
512 http fetch GET 200 https://registry.npmjs.org/lodash.isnumber/-/lodash.isnumber-3.0.3.tgz 10374ms (cache miss)
513 http fetch GET 200 https://registry.npmjs.org/lodash.isboolean/-/lodash.isboolean-3.0.3.tgz 10374ms (cache miss)
514 http fetch GET 200 https://registry.npmjs.org/lodash.isplainobject/-/lodash.isplainobject-4.0.6.tgz 10465ms (cache miss)
515 http fetch GET 200 https://registry.npmjs.org/lodash.isinteger/-/lodash.isinteger-4.0.4.tgz 10487ms (cache miss)
516 http fetch GET 200 https://registry.npmjs.org/lodash.camelcase/-/lodash.camelcase-4.3.0.tgz 10843ms (cache miss)
517 http fetch GET 200 https://registry.npmjs.org/lodash.clonedeep/-/lodash.clonedeep-4.5.0.tgz 10871ms (cache miss)
518 http fetch GET 200 https://registry.npmjs.org/linkify-it/-/linkify-it-5.0.0.tgz 10877ms (cache miss)
519 http fetch GET 200 https://registry.npmjs.org/long/-/long-5.3.2.tgz 10954ms (cache miss)
520 http fetch GET 200 https://registry.npmjs.org/object-hash/-/object-hash-3.0.0.tgz 11022ms (cache miss)
521 http fetch GET 200 https://registry.npmjs.org/lodash.includes/-/lodash.includes-4.3.0.tgz 11173ms (cache miss)
522 http fetch GET 200 https://registry.npmjs.org/klaw/-/klaw-3.0.0.tgz 11185ms (cache miss)
523 http fetch GET 200 https://registry.npmjs.org/limiter/-/limiter-1.1.5.tgz 11480ms (cache miss)
524 http fetch GET 200 https://registry.npmjs.org/levn/-/levn-0.3.0.tgz 11556ms (cache miss)
525 http fetch GET 200 https://registry.npmjs.org/jwks-rsa/-/jwks-rsa-3.2.2.tgz 11586ms (cache miss)
526 http fetch GET 200 https://registry.npmjs.org/jwa/-/jwa-2.0.1.tgz 11923ms (cache miss)
527 http fetch GET 200 https://registry.npmjs.org/jsonwebtoken/-/jsonwebtoken-9.0.3.tgz 12548ms (cache miss)
528 http fetch GET 200 https://registry.npmjs.org/jws/-/jws-4.0.1.tgz 12713ms (cache miss)
529 http fetch GET 200 https://registry.npmjs.org/is-stream/-/is-stream-2.0.1.tgz 12714ms (cache miss)
530 http fetch GET 200 https://registry.npmjs.org/markdown-it/-/markdown-it-14.1.1.tgz 12778ms (cache miss)
531 http fetch GET 200 https://registry.npmjs.org/is-fullwidth-code-point/-/is-fullwidth-code-point-3.0.0.tgz 12905ms (cache miss)
532 http fetch GET 200 https://registry.npmjs.org/js2xmlparser/-/js2xmlparser-4.0.2.tgz 13068ms (cache miss)
533 http fetch GET 200 https://registry.npmjs.org/inherits/-/inherits-2.0.4.tgz 13337ms (cache miss)
534 http fetch GET 200 https://registry.npmjs.org/is-stream-ended/-/is-stream-ended-0.1.4.tgz 13343ms (cache miss)
535 http fetch GET 200 https://registry.npmjs.org/inflight/-/inflight-1.0.6.tgz 13516ms (cache miss)
536 warn deprecated inflight@1.0.6: This module is not supported, and leaks memory. Do not use it. Check out lru-cache if you want a good and tested way to coalesce async requests by a key value, which is much more comprehensive and powerful.
537 http fetch GET 200 https://registry.npmjs.org/https-proxy-agent/-/https-proxy-agent-5.0.1.tgz 13615ms (cache miss)
538 http fetch GET 200 https://registry.npmjs.org/has-tostringtag/-/has-tostringtag-1.0.2.tgz 13615ms (cache miss)
539 http fetch GET 200 https://registry.npmjs.org/http-proxy-agent/-/http-proxy-agent-5.0.0.tgz 13765ms (cache miss)
540 http fetch GET 200 https://registry.npmjs.org/is-regex/-/is-regex-1.2.1.tgz 13776ms (cache miss)
541 http fetch GET 200 https://registry.npmjs.org/jose/-/jose-4.15.9.tgz 13823ms (cache miss)
542 http fetch GET 200 https://registry.npmjs.org/http-parser-js/-/http-parser-js-0.5.10.tgz 14002ms (cache miss)
543 http fetch GET 200 https://registry.npmjs.org/has-flag/-/has-flag-4.0.0.tgz 14006ms (cache miss)
544 http fetch GET 200 https://registry.npmjs.org/has-symbols/-/has-symbols-1.1.0.tgz 14009ms (cache miss)
545 http fetch GET 200 https://registry.npmjs.org/marked/-/marked-4.3.0.tgz 14086ms (cache miss)
546 http fetch GET 200 https://registry.npmjs.org/graceful-fs/-/graceful-fs-4.2.11.tgz 14329ms (cache miss)
547 http fetch GET 200 https://registry.npmjs.org/get-proto/-/get-proto-1.0.1.tgz 14356ms (cache miss)
548 http fetch GET 200 https://registry.npmjs.org/hasown/-/hasown-2.0.2.tgz 14462ms (cache miss)
549 http fetch GET 200 https://registry.npmjs.org/google-p12-pem/-/google-p12-pem-4.0.1.tgz 14512ms (cache miss)
550 http fetch GET 200 https://registry.npmjs.org/gopd/-/gopd-1.2.0.tgz 14526ms (cache miss)
551 warn deprecated google-p12-pem@4.0.1: Package is no longer maintained
552 http fetch GET 200 https://registry.npmjs.org/gtoken/-/gtoken-6.1.2.tgz 14728ms (cache miss)
553 http fetch GET 200 https://registry.npmjs.org/get-intrinsic/-/get-intrinsic-1.3.0.tgz 15177ms (cache miss)
554 http fetch GET 200 https://registry.npmjs.org/glob/-/glob-8.1.0.tgz 15200ms (cache miss)
555 http fetch GET 200 https://registry.npmjs.org/tmp/-/tmp-0.2.5.tgz 15298ms (cache miss)
556 warn deprecated glob@8.1.0: Old versions of glob are not supported, and contain widely publicized security vulnerabilities, which have been fixed in the current version. Please update. Support for old versions may be purchased (at exorbitant rates) by contacting i@izs.me
557 http fetch GET 200 https://registry.npmjs.org/functional-red-black-tree/-/functional-red-black-tree-1.0.1.tgz 15247ms (cache miss)
558 http fetch GET 200 https://registry.npmjs.org/teeny-request/-/teeny-request-8.0.3.tgz 15376ms (cache miss)
559 http fetch GET 200 https://registry.npmjs.org/get-caller-file/-/get-caller-file-2.0.5.tgz 15403ms (cache miss)
560 http fetch GET 200 https://registry.npmjs.org/faye-websocket/-/faye-websocket-0.11.4.tgz 15999ms (cache miss)
561 http fetch GET 200 https://registry.npmjs.org/gcp-metadata/-/gcp-metadata-5.3.0.tgz 16065ms (cache miss)
562 http fetch GET 200 https://registry.npmjs.org/gaxios/-/gaxios-5.1.3.tgz 16137ms (cache miss)
563 http fetch GET 200 https://registry.npmjs.org/websocket-driver/-/websocket-driver-0.7.4.tgz 16504ms (cache miss)
564 http fetch GET 200 https://registry.npmjs.org/fs.realpath/-/fs.realpath-1.0.0.tgz 16427ms (cache miss)
565 http fetch GET 200 https://registry.npmjs.org/fast-text-encoding/-/fast-text-encoding-1.0.6.tgz 16595ms (cache miss)
566 http fetch GET 200 https://registry.npmjs.org/function-bind/-/function-bind-1.1.2.tgz 16642ms (cache miss)
567 http fetch GET 200 https://registry.npmjs.org/fast-levenshtein/-/fast-levenshtein-2.0.6.tgz 16822ms (cache miss)
568 http fetch GET 200 https://registry.npmjs.org/extend/-/extend-3.0.2.tgz 16977ms (cache miss)
569 http fetch GET 200 https://registry.npmjs.org/lodash/-/lodash-4.17.23.tgz 17156ms (cache miss)
570 http fetch GET 200 https://registry.npmjs.org/estraverse/-/estraverse-5.3.0.tgz 17171ms (cache miss)
571 http fetch GET 200 https://registry.npmjs.org/esutils/-/esutils-2.0.3.tgz 17416ms (cache miss)
572 http fetch GET 200 https://registry.npmjs.org/event-target-shim/-/event-target-shim-5.0.1.tgz 17532ms (cache miss)
573 http fetch GET 200 https://registry.npmjs.org/fast-xml-parser/-/fast-xml-parser-4.5.4.tgz 17567ms (cache miss)
574 http fetch GET 200 https://registry.npmjs.org/eslint-visitor-keys/-/eslint-visitor-keys-3.4.3.tgz 17660ms (cache miss)
575 http fetch GET 200 https://registry.npmjs.org/es-object-atoms/-/es-object-atoms-1.1.1.tgz 17757ms (cache miss)
576 http fetch GET 200 https://registry.npmjs.org/escalade/-/escalade-3.2.0.tgz 17792ms (cache miss)
577 http fetch GET 200 https://registry.npmjs.org/escape-string-regexp/-/escape-string-regexp-2.0.0.tgz 17859ms (cache miss)
578 http fetch GET 200 https://registry.npmjs.org/es-errors/-/es-errors-1.3.0.tgz 18218ms (cache miss)
579 http fetch GET 200 https://registry.npmjs.org/es-define-property/-/es-define-property-1.0.1.tgz 18218ms (cache miss)
580 http fetch GET 200 https://registry.npmjs.org/escodegen/-/escodegen-1.14.3.tgz 18223ms (cache miss)
581 http fetch GET 200 https://registry.npmjs.org/espree/-/espree-9.6.1.tgz 18264ms (cache miss)
582 http fetch GET 200 https://registry.npmjs.org/ecdsa-sig-formatter/-/ecdsa-sig-formatter-1.0.11.tgz 18652ms (cache miss)
583 http fetch GET 200 https://registry.npmjs.org/end-of-stream/-/end-of-stream-1.4.5.tgz 18660ms (cache miss)
584 http fetch GET 200 https://registry.npmjs.org/fast-deep-equal/-/fast-deep-equal-3.1.3.tgz 18675ms (cache miss)
585 http fetch GET 200 https://registry.npmjs.org/protobufjs/-/protobufjs-7.5.4.tgz 18830ms (cache miss)
586 http fetch GET 200 https://registry.npmjs.org/deep-is/-/deep-is-0.1.4.tgz 19001ms (cache miss)
587 http fetch GET 200 https://registry.npmjs.org/ent/-/ent-2.2.2.tgz 19010ms (cache miss)
588 http fetch GET 200 https://registry.npmjs.org/esprima/-/esprima-4.0.1.tgz 19157ms (cache miss)
589 http fetch GET 200 https://registry.npmjs.org/color-name/-/color-name-1.1.4.tgz 19171ms (cache miss)
590 http fetch GET 200 https://registry.npmjs.org/debug/-/debug-4.4.3.tgz 19189ms (cache miss)
591 http fetch GET 200 https://registry.npmjs.org/json-bigint/-/json-bigint-1.0.0.tgz 19238ms (cache miss)
592 http fetch GET 200 https://registry.npmjs.org/entities/-/entities-4.5.0.tgz 19259ms (cache miss)
593 http fetch GET 200 https://registry.npmjs.org/duplexify/-/duplexify-4.1.3.tgz 19286ms (cache miss)
594 http fetch GET 200 https://registry.npmjs.org/compressible/-/compressible-2.0.18.tgz 19386ms (cache miss)
595 http fetch GET 200 https://registry.npmjs.org/color-convert/-/color-convert-2.0.1.tgz 19386ms (cache miss)
596 http fetch GET 200 https://registry.npmjs.org/cliui/-/cliui-8.0.1.tgz 19402ms (cache miss)
597 http fetch GET 200 https://registry.npmjs.org/dunder-proto/-/dunder-proto-1.0.1.tgz 19410ms (cache miss)
598 http fetch GET 200 https://registry.npmjs.org/call-bind-apply-helpers/-/call-bind-apply-helpers-1.0.2.tgz 19436ms (cache miss)
599 http fetch GET 200 https://registry.npmjs.org/brace-expansion/-/brace-expansion-2.0.2.tgz 19671ms (cache miss)
600 http fetch GET 200 https://registry.npmjs.org/base64-js/-/base64-js-1.5.1.tgz 19736ms (cache miss)
601 http fetch GET 200 https://registry.npmjs.org/buffer-equal-constant-time/-/buffer-equal-constant-time-1.0.1.tgz 19902ms (cache miss)
602 http fetch GET 200 https://registry.npmjs.org/chalk/-/chalk-4.1.2.tgz 20096ms (cache miss)
603 http fetch GET 200 https://registry.npmjs.org/call-bound/-/call-bound-1.0.4.tgz 20096ms (cache miss)
604 http fetch GET 200 https://registry.npmjs.org/async-retry/-/async-retry-1.3.3.tgz 20308ms (cache miss)
605 http fetch GET 200 https://registry.npmjs.org/ansi-styles/-/ansi-styles-4.3.0.tgz 20308ms (cache miss)
606 http fetch GET 200 https://registry.npmjs.org/balanced-match/-/balanced-match-1.0.2.tgz 20453ms (cache miss)
607 http fetch GET 200 https://registry.npmjs.org/ansi-regex/-/ansi-regex-5.0.1.tgz 20534ms (cache miss)
608 http fetch GET 200 https://registry.npmjs.org/arrify/-/arrify-2.0.1.tgz 20579ms (cache miss)
609 http fetch GET 200 https://registry.npmjs.org/agent-base/-/agent-base-6.0.2.tgz 20593ms (cache miss)
610 http fetch GET 200 https://registry.npmjs.org/@types/rimraf/-/rimraf-3.0.2.tgz 20697ms (cache miss)
611 http fetch GET 200 https://registry.npmjs.org/@types/ms/-/ms-2.1.0.tgz 20754ms (cache miss)
612 http fetch GET 200 https://registry.npmjs.org/@types/minimatch/-/minimatch-5.1.2.tgz 20797ms (cache miss)
613 http fetch GET 200 https://registry.npmjs.org/catharsis/-/catharsis-0.9.0.tgz 20960ms (cache miss)
614 http fetch GET 200 https://registry.npmjs.org/@types/mdurl/-/mdurl-2.0.0.tgz 20969ms (cache miss)
615 http fetch GET 200 https://registry.npmjs.org/@types/long/-/long-4.0.2.tgz 20978ms (cache miss)
616 http fetch GET 200 https://registry.npmjs.org/argparse/-/argparse-2.0.1.tgz 21008ms (cache miss)
617 http fetch GET 200 https://registry.npmjs.org/@types/glob/-/glob-8.1.0.tgz 21161ms (cache miss)
618 http fetch GET 200 https://registry.npmjs.org/google-auth-library/-/google-auth-library-8.9.0.tgz 21382ms (cache miss)
619 http fetch GET 200 https://registry.npmjs.org/acorn-jsx/-/acorn-jsx-5.3.2.tgz 21355ms (cache miss)
620 http fetch GET 200 https://registry.npmjs.org/@tootallnate/once/-/once-2.0.0.tgz 21372ms (cache miss)
621 http fetch GET 200 https://registry.npmjs.org/@types/markdown-it/-/markdown-it-14.1.2.tgz 21458ms (cache miss)
622 http fetch GET 200 https://registry.npmjs.org/@types/jsonwebtoken/-/jsonwebtoken-9.0.10.tgz 21668ms (cache miss)
623 http fetch GET 200 https://registry.npmjs.org/@protobufjs/utf8/-/utf8-1.1.0.tgz 21824ms (cache miss)
624 http fetch GET 200 https://registry.npmjs.org/@protobufjs/pool/-/pool-1.1.0.tgz 21857ms (cache miss)
625 http fetch GET 200 https://registry.npmjs.org/jsdoc/-/jsdoc-4.0.5.tgz 21990ms (cache miss)
626 http fetch GET 200 https://registry.npmjs.org/@protobufjs/path/-/path-1.1.2.tgz 22005ms (cache miss)
627 http fetch GET 200 https://registry.npmjs.org/@protobufjs/float/-/float-1.0.2.tgz 22073ms (cache miss)
628 http fetch GET 200 https://registry.npmjs.org/@protobufjs/codegen/-/codegen-2.0.4.tgz 22134ms (cache miss)
629 http fetch GET 200 https://registry.npmjs.org/@protobufjs/inquire/-/inquire-1.1.0.tgz 22141ms (cache miss)
630 http fetch GET 200 https://registry.npmjs.org/@protobufjs/fetch/-/fetch-1.1.0.tgz 22192ms (cache miss)
631 http fetch GET 200 https://registry.npmjs.org/@protobufjs/eventemitter/-/eventemitter-1.1.0.tgz 22263ms (cache miss)
632 http fetch GET 200 https://registry.npmjs.org/abort-controller/-/abort-controller-3.0.0.tgz 22273ms (cache miss)
633 http fetch GET 200 https://registry.npmjs.org/@protobufjs/aspromise/-/aspromise-1.1.2.tgz 22322ms (cache miss)
634 http fetch GET 200 https://registry.npmjs.org/@protobufjs/base64/-/base64-1.1.2.tgz 22332ms (cache miss)
635 http fetch GET 200 https://registry.npmjs.org/bluebird/-/bluebird-3.7.2.tgz 22394ms (cache miss)
636 http fetch GET 200 https://registry.npmjs.org/bignumber.js/-/bignumber.js-9.3.1.tgz 22660ms (cache miss)
637 http fetch GET 200 https://registry.npmjs.org/@google-cloud/projectify/-/projectify-3.0.0.tgz 22741ms (cache miss)
638 http fetch GET 200 https://registry.npmjs.org/@google-cloud/promisify/-/promisify-3.0.1.tgz 22813ms (cache miss)
639 http fetch GET 200 https://registry.npmjs.org/@google-cloud/paginator/-/paginator-3.0.7.tgz 23161ms (cache miss)
640 http fetch GET 200 https://registry.npmjs.org/@firebase/database-types/-/database-types-0.10.4.tgz 23461ms (cache miss)
641 http fetch GET 200 https://registry.npmjs.org/@grpc/proto-loader/-/proto-loader-0.7.15.tgz 23827ms (cache miss)
642 http fetch GET 200 https://registry.npmjs.org/@types/linkify-it/-/linkify-it-5.0.0.tgz 23902ms (cache miss)
643 http fetch GET 200 https://registry.npmjs.org/@jsdoc/salty/-/salty-0.2.10.tgz 24499ms (cache miss)
644 http fetch GET 200 https://registry.npmjs.org/@firebase/component/-/component-0.6.4.tgz 24915ms (cache miss)
645 http fetch GET 200 https://registry.npmjs.org/acorn/-/acorn-8.16.0.tgz 24973ms (cache miss)
646 http fetch GET 200 https://registry.npmjs.org/@firebase/auth-interop-types/-/auth-interop-types-0.2.1.tgz 24980ms (cache miss)
647 http fetch GET 200 https://registry.npmjs.org/@firebase/logger/-/logger-0.4.0.tgz 25059ms (cache miss)
648 http fetch GET 200 https://registry.npmjs.org/@firebase/app-types/-/app-types-0.9.0.tgz 25437ms (cache miss)
649 http fetch GET 200 https://registry.npmjs.org/node-forge/-/node-forge-1.3.1.tgz 25693ms (cache miss)
650 http fetch GET 200 https://registry.npmjs.org/@fastify/busboy/-/busboy-1.2.1.tgz 26099ms (cache miss)
651 http fetch GET 200 https://registry.npmjs.org/@babel/helper-validator-identifier/-/helper-validator-identifier-7.28.5.tgz 26254ms (cache miss)
652 http fetch GET 200 https://registry.npmjs.org/@babel/helper-string-parser/-/helper-string-parser-7.27.1.tgz 27353ms (cache miss)
653 http fetch GET 200 https://registry.npmjs.org/mime-db/-/mime-db-1.52.0.tgz 27590ms (cache miss)
654 http fetch GET 200 https://registry.npmjs.org/estraverse/-/estraverse-4.3.0.tgz 28055ms (cache miss)
655 http fetch GET 200 https://registry.npmjs.org/readable-stream/-/readable-stream-3.6.2.tgz 28772ms (cache miss)
656 http fetch GET 200 https://registry.npmjs.org/@firebase/util/-/util-1.9.3.tgz 28764ms (cache miss)
657 http fetch GET 200 https://registry.npmjs.org/emoji-regex/-/emoji-regex-8.0.0.tgz 29689ms (cache miss)
658 http fetch GET 200 https://registry.npmjs.org/uuid/-/uuid-8.3.2.tgz 29751ms (cache miss)
659 http fetch GET 200 https://registry.npmjs.org/@google-cloud/storage/-/storage-6.12.0.tgz 32055ms (cache miss)
660 http fetch GET 200 https://registry.npmjs.org/@grpc/grpc-js/-/grpc-js-1.8.22.tgz 32556ms (cache miss)
661 http fetch GET 200 https://registry.npmjs.org/@firebase/database-compat/-/database-compat-0.3.4.tgz 32584ms (cache miss)
662 http fetch GET 200 https://registry.npmjs.org/google-gax/-/google-gax-3.6.1.tgz 33238ms (cache miss)
663 http fetch GET 200 https://registry.npmjs.org/@google-cloud/firestore/-/firestore-6.8.0.tgz 34425ms (cache miss)
664 http fetch GET 200 https://registry.npmjs.org/@babel/types/-/types-7.29.0.tgz 34464ms (cache miss)
665 http fetch GET 200 https://registry.npmjs.org/@types/node/-/node-25.3.5.tgz 36221ms (cache miss)
666 http fetch GET 200 https://registry.npmjs.org/protobufjs/-/protobufjs-7.2.4.tgz 37036ms (cache miss)
667 http fetch GET 200 https://registry.npmjs.org/firebase-admin/-/firebase-admin-11.11.1.tgz 39646ms (cache miss)
668 http fetch GET 200 https://registry.npmjs.org/@firebase/database/-/database-0.14.4.tgz 44222ms (cache miss)
669 http fetch GET 200 https://registry.npmjs.org/@babel/parser/-/parser-7.29.0.tgz 44976ms (cache miss)
670 info run protobufjs@7.5.4 postinstall node_modules/protobufjs node scripts/postinstall
671 info run protobufjs@7.2.4 postinstall node_modules/google-gax/node_modules/protobufjs node scripts/postinstall
672 info run protobufjs@7.5.4 postinstall { code: 0, signal: null }
673 info run protobufjs@7.2.4 postinstall { code: 0, signal: null }
674 silly ADD node_modules/yocto-queue
675 silly ADD node_modules/yargs-parser
676 silly ADD node_modules/yargs
677 silly ADD node_modules/yallist
678 silly ADD node_modules/y18n
679 silly ADD node_modules/xmlcreate
680 silly ADD node_modules/wrappy
681 silly ADD node_modules/wrap-ansi
682 silly ADD node_modules/word-wrap
683 silly ADD node_modules/whatwg-url
684 silly ADD node_modules/websocket-extensions
685 silly ADD node_modules/websocket-driver
686 silly ADD node_modules/webidl-conversions
687 silly ADD node_modules/uuid
688 silly ADD node_modules/util-deprecate
689 silly ADD node_modules/undici-types
690 silly ADD node_modules/underscore
691 silly ADD node_modules/uglify-js
692 silly ADD node_modules/uc.micro
693 silly ADD node_modules/type-check
694 silly ADD node_modules/tslib
695 silly ADD node_modules/tr46
696 silly ADD node_modules/tmp
697 silly ADD node_modules/text-decoding
698 silly ADD node_modules/teeny-request
699 silly ADD node_modules/supports-color
700 silly ADD node_modules/stubs
701 silly ADD node_modules/strnum
702 silly ADD node_modules/strip-json-comments
703 silly ADD node_modules/strip-ansi
704 silly ADD node_modules/string-width
705 silly ADD node_modules/string_decoder
706 silly ADD node_modules/stream-shift
707 silly ADD node_modules/stream-events
708 silly ADD node_modules/source-map
709 silly ADD node_modules/semver
710 silly ADD node_modules/safe-regex-test
711 silly ADD node_modules/safe-buffer
712 silly ADD node_modules/retry-request
713 silly ADD node_modules/retry
714 silly ADD node_modules/requizzle
715 silly ADD node_modules/require-directory
716 silly ADD node_modules/readable-stream
717 silly ADD node_modules/punycode.js
718 silly ADD node_modules/punycode
719 silly ADD node_modules/protobufjs-cli
720 silly ADD node_modules/protobufjs
721 silly ADD node_modules/proto3-json-serializer
722 silly ADD node_modules/prelude-ls
723 silly ADD node_modules/p-limit
724 silly ADD node_modules/optionator
725 silly ADD node_modules/once
726 silly ADD node_modules/object-hash
727 silly ADD node_modules/node-forge
728 silly ADD node_modules/node-fetch
729 silly ADD node_modules/ms
730 silly ADD node_modules/mkdirp
731 silly ADD node_modules/minimist
732 silly ADD node_modules/minimatch
733 silly ADD node_modules/mime-types
734 silly ADD node_modules/mime-types/node_modules/mime-db
735 silly ADD node_modules/mime-db
736 silly ADD node_modules/mime
737 silly ADD node_modules/mdurl
738 silly ADD node_modules/math-intrinsics
739 silly ADD node_modules/marked
740 silly ADD node_modules/markdown-it-anchor
741 silly ADD node_modules/markdown-it
742 silly ADD node_modules/lru-memoizer
743 silly ADD node_modules/lru-cache
744 silly ADD node_modules/long
745 silly ADD node_modules/lodash.once
746 silly ADD node_modules/lodash.isstring
747 silly ADD node_modules/lodash.isplainobject
748 silly ADD node_modules/lodash.isnumber
749 silly ADD node_modules/lodash.isinteger
750 silly ADD node_modules/lodash.isboolean
751 silly ADD node_modules/lodash.includes
752 silly ADD node_modules/lodash.clonedeep
753 silly ADD node_modules/lodash.camelcase
754 silly ADD node_modules/lodash
755 silly ADD node_modules/linkify-it
756 silly ADD node_modules/limiter
757 silly ADD node_modules/levn
758 silly ADD node_modules/klaw
759 silly ADD node_modules/jws
760 silly ADD node_modules/jwks-rsa
761 silly ADD node_modules/jwa
762 silly ADD node_modules/jsonwebtoken
763 silly ADD node_modules/json-bigint
764 silly ADD node_modules/jsdoc
765 silly ADD node_modules/js2xmlparser
766 silly ADD node_modules/jose
767 silly ADD node_modules/is-stream-ended
768 silly ADD node_modules/is-stream
769 silly ADD node_modules/is-regex
770 silly ADD node_modules/is-fullwidth-code-point
771 silly ADD node_modules/inherits
772 silly ADD node_modules/inflight
773 silly ADD node_modules/https-proxy-agent
774 silly ADD node_modules/http-proxy-agent
775 silly ADD node_modules/http-parser-js
776 silly ADD node_modules/hasown
777 silly ADD node_modules/has-tostringtag
778 silly ADD node_modules/has-symbols
779 silly ADD node_modules/has-flag
780 silly ADD node_modules/gtoken
781 silly ADD node_modules/graceful-fs
782 silly ADD node_modules/gopd
783 silly ADD node_modules/google-p12-pem
784 silly ADD node_modules/google-gax
785 silly ADD node_modules/google-gax/node_modules/protobufjs
786 silly ADD node_modules/google-auth-library
787 silly ADD node_modules/glob
788 silly ADD node_modules/get-proto
789 silly ADD node_modules/get-intrinsic
790 silly ADD node_modules/get-caller-file
791 silly ADD node_modules/gcp-metadata
792 silly ADD node_modules/gaxios
793 silly ADD node_modules/functional-red-black-tree
794 silly ADD node_modules/function-bind
795 silly ADD node_modules/fs.realpath
796 silly ADD node_modules/firebase-admin
797 silly ADD node_modules/faye-websocket
798 silly ADD node_modules/fast-xml-parser
799 silly ADD node_modules/fast-text-encoding
800 silly ADD node_modules/fast-levenshtein
801 silly ADD node_modules/fast-deep-equal
802 silly ADD node_modules/extend
803 silly ADD node_modules/event-target-shim
804 silly ADD node_modules/esutils
805 silly ADD node_modules/estraverse
806 silly ADD node_modules/esprima
807 silly ADD node_modules/espree
808 silly ADD node_modules/eslint-visitor-keys
809 silly ADD node_modules/escodegen
810 silly ADD node_modules/escodegen/node_modules/estraverse
811 silly ADD node_modules/escape-string-regexp
812 silly ADD node_modules/escalade
813 silly ADD node_modules/es-object-atoms
814 silly ADD node_modules/es-errors
815 silly ADD node_modules/es-define-property
816 silly ADD node_modules/entities
817 silly ADD node_modules/ent
818 silly ADD node_modules/end-of-stream
819 silly ADD node_modules/emoji-regex
820 silly ADD node_modules/ecdsa-sig-formatter
821 silly ADD node_modules/duplexify
822 silly ADD node_modules/dunder-proto
823 silly ADD node_modules/deep-is
824 silly ADD node_modules/debug
825 silly ADD node_modules/compressible
826 silly ADD node_modules/color-name
827 silly ADD node_modules/color-convert
828 silly ADD node_modules/cliui
829 silly ADD node_modules/chalk
830 silly ADD node_modules/catharsis
831 silly ADD node_modules/call-bound
832 silly ADD node_modules/call-bind-apply-helpers
833 silly ADD node_modules/buffer-equal-constant-time
834 silly ADD node_modules/brace-expansion
835 silly ADD node_modules/bluebird
836 silly ADD node_modules/bignumber.js
837 silly ADD node_modules/base64-js
838 silly ADD node_modules/balanced-match
839 silly ADD node_modules/async-retry
840 silly ADD node_modules/arrify
841 silly ADD node_modules/argparse
842 silly ADD node_modules/ansi-styles
843 silly ADD node_modules/ansi-regex
844 silly ADD node_modules/agent-base
845 silly ADD node_modules/acorn-jsx
846 silly ADD node_modules/acorn
847 silly ADD node_modules/abort-controller
848 silly ADD node_modules/@types/rimraf
849 silly ADD node_modules/@types/node
850 silly ADD node_modules/@types/ms
851 silly ADD node_modules/@types/minimatch
852 silly ADD node_modules/@types/mdurl
853 silly ADD node_modules/@types/markdown-it
854 silly ADD node_modules/@types/long
855 silly ADD node_modules/@types/linkify-it
856 silly ADD node_modules/@types/jsonwebtoken
857 silly ADD node_modules/@types/glob
858 silly ADD node_modules/@tootallnate/once
859 silly ADD node_modules/@protobufjs/utf8
860 silly ADD node_modules/@protobufjs/pool
861 silly ADD node_modules/@protobufjs/path
862 silly ADD node_modules/@protobufjs/inquire
863 silly ADD node_modules/@protobufjs/float
864 silly ADD node_modules/@protobufjs/fetch
865 silly ADD node_modules/@protobufjs/eventemitter
866 silly ADD node_modules/@protobufjs/codegen
867 silly ADD node_modules/@protobufjs/base64
868 silly ADD node_modules/@protobufjs/aspromise
869 silly ADD node_modules/@jsdoc/salty
870 silly ADD node_modules/@grpc/proto-loader
871 silly ADD node_modules/@grpc/grpc-js
872 silly ADD node_modules/@google-cloud/storage
873 silly ADD node_modules/@google-cloud/storage/node_modules/uuid
874 silly ADD node_modules/@google-cloud/promisify
875 silly ADD node_modules/@google-cloud/projectify
876 silly ADD node_modules/@google-cloud/paginator
877 silly ADD node_modules/@google-cloud/firestore
878 silly ADD node_modules/@firebase/util
879 silly ADD node_modules/@firebase/logger
880 silly ADD node_modules/@firebase/database-types
881 silly ADD node_modules/@firebase/database-compat
882 silly ADD node_modules/@firebase/database
883 silly ADD node_modules/@firebase/component
884 silly ADD node_modules/@firebase/auth-interop-types
885 silly ADD node_modules/@firebase/app-types
886 silly ADD node_modules/@fastify/busboy
887 silly ADD node_modules/@babel/types
888 silly ADD node_modules/@babel/parser
889 silly ADD node_modules/@babel/helper-validator-identifier
890 silly ADD node_modules/@babel/helper-string-parser
891 verbose cwd C:\Users\ITC-PROBOOK_2\Desktop\Application-gestion-materiels
892 verbose os Windows_NT 10.0.26200
893 verbose node v24.15.0
894 verbose npm  v11.12.1
895 verbose exit 0
896 info ok
